Component: ARM Compiler 5.06 update 6 (build 750) Tool: armlink [4d35ed]

==============================================================================

Section Cross References

    system_stm32f10x.o(i.SetSysClock) refers to system_stm32f10x.o(i.SetSysClockTo72) for SetSysClockTo72
    system_stm32f10x.o(i.SystemCoreClockUpdate) refers to system_stm32f10x.o(.data) for SystemCoreClock
    system_stm32f10x.o(i.SystemInit) refers to system_stm32f10x.o(i.SetSysClock) for SetSysClock
    main.o(i.main) refers to misc.o(i.NVIC_PriorityGroupConfig) for NVIC_PriorityGroupConfig
    main.o(i.main) refers to systick.o(i.Systick_init) for Systick_init
    main.o(i.main) refers to led.o(i.LED_Init) for LED_Init
    main.o(i.main) refers to encoder.o(i.TIM1_EncoderMode) for TIM1_EncoderMode
    main.o(i.main) refers to encoder.o(i.TIM2_EncoderMode) for TIM2_EncoderMode
    main.o(i.main) refers to encoder.o(i.TIM3_EncoderMode) for TIM3_EncoderMode
    main.o(i.main) refers to encoder.o(i.TIM4_EncoderMode) for TIM4_EncoderMode
    main.o(i.main) refers to usart.o(i.USART1_Initialise) for USART1_Initialise
    main.o(i.main) refers to usart.o(i.USART2_Initialise) for USART2_Initialise
    main.o(i.main) refers to usart.o(i.USART3_Initialise) for USART3_Initialise
    main.o(i.main) refers to usart.o(i.USART4_Initialise) for USART4_Initialise
    main.o(i.main) refers to systick.o(i.creatIRQFunc) for creatIRQFunc
    main.o(i.main) refers to comhandle.o(i.comHandleSetup) for comHandleSetup
    main.o(i.main) refers to syn7318.o(i.syntest) for syntest
    main.o(i.main) refers to comhandle.o(i.comHandleLoop) for comHandleLoop
    main.o(i.main) refers to led.o(i.LED_Flash) for LED_Flash
    main.o(i.main) refers to syn7318.o(i.SoundLoop) for SoundLoop
    main.o(i.main) refers to pidctrller.o(i.PID_Divider) for PID_Divider
    main.o(i.main) refers to main.o(.data) for g_ledflashfreq
    pidctrller.o(i.MotorSpeedPidCtrl) refers to faddsub_clz.o(x$fpl$fsub) for __aeabi_fsub
    pidctrller.o(i.MotorSpeedPidCtrl) refers to faddsub_clz.o(x$fpl$fadd) for __aeabi_fadd
    pidctrller.o(i.MotorSpeedPidCtrl) refers to fleqf.o(x$fpl$fleqf) for __aeabi_cfcmple
    pidctrller.o(i.MotorSpeedPidCtrl) refers to fflt_clz.o(x$fpl$fflt) for __aeabi_i2f
    pidctrller.o(i.MotorSpeedPidCtrl) refers to fmul.o(x$fpl$fmul) for __aeabi_fmul
    pidctrller.o(i.MotorSpeedPidCtrl) refers to faddsub_clz.o(x$fpl$frsb) for __aeabi_frsub
    pidctrller.o(i.MotorSpeedPidCtrl) refers to ffix.o(x$fpl$ffix) for __aeabi_f2iz
    pidctrller.o(i.MotorSpeedPidCtrl) refers to pidctrller.o(i.setMotorPWM) for setMotorPWM
    pidctrller.o(i.MotorSpeedPidCtrl) refers to pidctrller.o(.bss) for pid
    pidctrller.o(i.MotorSpeedPidCtrl) refers to pidctrller.o(.constdata) for PARAM_PID
    pidctrller.o(i.PID_Divider) refers to pidctrller.o(i.updataSpeed) for updataSpeed
    pidctrller.o(i.PID_Divider) refers to pidctrller.o(i.sendUpMotorSpeed) for sendUpMotorSpeed
    pidctrller.o(i.PID_Divider) refers to pidctrller.o(i.MotorSpeedPidCtrl) for MotorSpeedPidCtrl
    pidctrller.o(i.PID_Divider) refers to pidctrller.o(.data) for div
    pidctrller.o(i.SetTargetSpeed) refers to fflt_clz.o(x$fpl$fflt) for __aeabi_i2f
    pidctrller.o(i.SetTargetSpeed) refers to pidctrller.o(.bss) for g_TargetSpeed
    pidctrller.o(i.sendUpMotorSpeed) refers to _printf_pad.o(.text) for _printf_pre_padding
    pidctrller.o(i.sendUpMotorSpeed) refers to _printf_percent.o(.ARM.Collect$$_printf_percent$$00000000) for _printf_percent
    pidctrller.o(i.sendUpMotorSpeed) refers to _printf_d.o(.ARM.Collect$$_printf_percent$$00000009) for _printf_d
    pidctrller.o(i.sendUpMotorSpeed) refers to _printf_c.o(.ARM.Collect$$_printf_percent$$00000013) for _printf_c
    pidctrller.o(i.sendUpMotorSpeed) refers to _printf_dec.o(.text) for _printf_int_dec
    pidctrller.o(i.sendUpMotorSpeed) refers to _printf_str.o(.text) for _printf_str
    pidctrller.o(i.sendUpMotorSpeed) refers to faddsub_clz.o(x$fpl$fadd) for __aeabi_fadd
    pidctrller.o(i.sendUpMotorSpeed) refers to fdiv.o(x$fpl$fdiv) for __aeabi_fdiv
    pidctrller.o(i.sendUpMotorSpeed) refers to faddsub_clz.o(x$fpl$fsub) for __aeabi_fsub
    pidctrller.o(i.sendUpMotorSpeed) refers to f2d.o(x$fpl$f2d) for __aeabi_f2d
    pidctrller.o(i.sendUpMotorSpeed) refers to dmul.o(x$fpl$dmul) for __aeabi_dmul
    pidctrller.o(i.sendUpMotorSpeed) refers to ddiv.o(x$fpl$ddiv) for __aeabi_ddiv
    pidctrller.o(i.sendUpMotorSpeed) refers to daddsub_clz.o(x$fpl$dadd) for __aeabi_dadd
    pidctrller.o(i.sendUpMotorSpeed) refers to d2f.o(x$fpl$d2f) for __aeabi_d2f
    pidctrller.o(i.sendUpMotorSpeed) refers to frleqf.o(x$fpl$frleqf) for __aeabi_cfrcmple
    pidctrller.o(i.sendUpMotorSpeed) refers to ffixu.o(x$fpl$ffixu) for __aeabi_f2uiz
    pidctrller.o(i.sendUpMotorSpeed) refers to fmul.o(x$fpl$fmul) for __aeabi_fmul
    pidctrller.o(i.sendUpMotorSpeed) refers to noretval__2sprintf.o(.text) for __2sprintf
[...]
    ..\Library\src\stm32f10x_i2c.c           0x00000000   Number         0  stm32f10x_i2c.o ABSOLUTE
    ..\Library\src\stm32f10x_iwdg.c          0x00000000   Number         0  stm32f10x_iwdg.o ABSOLUTE
    ..\Library\src\stm32f10x_pwr.c           0x00000000   Number         0  stm32f10x_pwr.o ABSOLUTE
    ..\Library\src\stm32f10x_rcc.c           0x00000000   Number         0  stm32f10x_rcc.o ABSOLUTE
    ..\Library\src\stm32f10x_rtc.c           0x00000000   Number         0  stm32f10x_rtc.o ABSOLUTE
    ..\Library\src\stm32f10x_sdio.c          0x00000000   Number         0  stm32f10x_sdio.o ABSOLUTE
    ..\Library\src\stm32f10x_spi.c           0x00000000   Number         0  stm32f10x_spi.o ABSOLUTE
    ..\Library\src\stm32f10x_tim.c           0x00000000   Number         0  stm32f10x_tim.o ABSOLUTE
    ..\Library\src\stm32f10x_usart.c         0x00000000   Number         0  stm32f10x_usart.o ABSOLUTE
    ..\Library\src\stm32f10x_wwdg.c          0x00000000   Number         0  stm32f10x_wwdg.o ABSOLUTE
    ..\System\Encoder\encoder.c              0x00000000   Number         0  encoder.o ABSOLUTE
    ..\System\Systick\systick.c              0x00000000   Number         0  systick.o ABSOLUTE
    ..\System\Usart\usart.c                  0x00000000   Number         0  usart.o ABSOLUTE
    ..\\CORE\\core_cm3.c                     0x00000000   Number         0  core_cm3.o ABSOLUTE
    dc.s                                     0x00000000   Number         0  dc.o ABSOLUTE
    stm32f10x_it.c                           0x00000000   Number         0  stm32f10x_it.o ABSOLUTE
    system_stm32f10x.c                       0x00000000   Number         0  system_stm32f10x.o ABSOLUTE
    RESET                                    0x08000000   Section      304  startup_stm32f10x_hd.o(RESET)
    !!!main                                  0x08000130   Section        8  __main.o(!!!main)
    !!!scatter                               0x08000138   Section       52  __scatter.o(!!!scatter)
    !!handler_copy                           0x0800016c   Section       26  __scatter_copy.o(!!handler_copy)
    !!handler_zi                             0x08000188   Section       28  __scatter_zi.o(!!handler_zi)
    .ARM.Collect$$_printf_percent$$00000000  0x080001a4   Section        0  _printf_percent.o(.ARM.Collect$$_printf_percent$$00000000)
    .ARM.Collect$$_printf_percent$$00000009  0x080001a4   Section        6  _printf_d.o(.ARM.Collect$$_printf_percent$$00000009)
    .ARM.Collect$$_printf_percent$$00000013  0x080001aa   Section        6  _printf_c.o(.ARM.Collect$$_printf_percent$$00000013)
    .ARM.Collect$$_printf_percent$$00000017  0x080001b0   Section        4  _printf_percent_end.o(.ARM.Collect$$_printf_percent$$00000017)
    .ARM.Collect$$libinit$$00000000          0x080001b4   Section        2  libinit.o(.ARM.Collect$$libinit$$00000000)
    .ARM.Collect$$libinit$$00000002          0x080001b6   Section        0  libinit2.o(.ARM.Collect$$libinit$$00000002)
    .ARM.Collect$$libinit$$00000004          0x080001b6   Section        0  libinit2.o(.ARM.Collect$$libinit$$00000004)
    .ARM.Collect$$libinit$$00000005          0x080001b6   Section        8  libinit2.o(.ARM.Collect$$libinit$$00000005)
    .ARM.Collect$$libinit$$0000000A          0x080001be   Section        0  libinit2.o(.ARM.Collect$$libinit$$0000000A)
    .ARM.Collect$$libinit$$0000000C          0x080001be   Section        0  libinit2.o(.ARM.Collect$$libinit$$0000000C)
    .ARM.Collect$$libinit$$0000000E          0x080001be   Section        0  libinit2.o(.ARM.Collect$$libinit$$0000000E)
    .ARM.Collect$$libinit$$00000011          0x080001be   Section        0  libinit2.o(.ARM.Collect$$libinit$$00000011)
    .ARM.Collect$$libinit$$00000013          0x080001be   Section        0  libinit2.o(.ARM.Collect$$libinit$$00000013)
    .ARM.Collect$$libinit$$00000015          0x080001be   Section        0  libinit2.o(.ARM.Collect$$libinit$$00000015)
    .ARM.Collect$$libinit$$00000017          0x080001be   Section        0  libinit2.o(.ARM.Collect$$libinit$$00000017)
    .ARM.Collect$$libinit$$00000019          0x080001be   Section        0  libinit2.o(.ARM.Collect$$libinit$$00000019)
    .ARM.Collect$$libinit$$0000001B          0x080001be   Section        0  libinit2.o(.ARM.Collect$$libinit$$0000001B)
    .ARM.Collect$$libinit$$0000001D          0x080001be   Section        0  libinit2.o(.ARM.Collect$$libinit$$0000001D)
    .ARM.Collect$$libinit$$0000001F          0x080001be   Section        0  libinit2.o(.ARM.Collect$$libinit$$0000001F)
    .ARM.Collect$$libinit$$00000021          0x080001be   Section        0  libinit2.o(.ARM.Collect$$libinit$$00000021)
    .ARM.Collect$$libinit$$00000023          0x080001be   Section        0  libinit2.o(.ARM.Collect$$libinit$$00000023)
    .ARM.Collect$$libinit$$00000025          0x080001be   Section        0  libinit2.o(.ARM.Collect$$libinit$$00000025)
    .ARM.Collect$$libinit$$0000002C          0x080001be   Section        0  libinit2.o(.ARM.Collect$$libinit$$0000002C)
    .ARM.Collect$$libinit$$0000002E          0x080001be   Section        0  libinit2.o(.ARM.Collect$$libinit$$0000002E)
    .ARM.Collect$$libinit$$00000030          0x080001be   Section        0  libinit2.o(.ARM.Collect$$libinit$$00000030)
    .ARM.Collect$$libinit$$00000032          0x080001be   Section        0  libinit2.o(.ARM.Collect$$libinit$$00000032)
    .ARM.Collect$$libinit$$00000033          0x080001be   Section        2  libinit2.o(.ARM.Collect$$libinit$$00000033)
    .ARM.Collect$$libshutdown$$00000000      0x080001c0   Section        2  libshutdown.o(.ARM.Collect$$libshutdown$$00000000)
    .ARM.Collect$$libshutdown$$00000002      0x080001c2   Section        0  libshutdown2.o(.ARM.Collect$$libshutdown$$00000002)
    .ARM.Collect$$libshutdown$$00000004      0x080001c2   Section        0  libshutdown2.o(.ARM.Collect$$libshutdown$$00000004)
    .ARM.Collect$$libshutdown$$00000007      0x080001c2   Section        0  libshutdown2.o(.ARM.Collect$$libshutdown$$00000007)
    .ARM.Collect$$libshutdown$$0000000A      0x080001c2   Section        0  libshutdown2.o(.ARM.Collect$$libshutdown$$0000000A)
    .ARM.Collect$$libshutdown$$0000000C      0x080001c2   Section        0  libshutdown2.o(.ARM.Collect$$libshutdown$$0000000C)
    .ARM.Collect$$libshutdown$$0000000F      0x080001c2   Section        0  libshutdown2.o(.ARM.Collect$$libshutdown$$0000000F)
    .ARM.Collect$$libshutdown$$00000010      0x080001c2   Section        2  libshutdown2.o(.ARM.Collect$$libshutdown$$00000010)
    .ARM.Collect$$rtentry$$00000000          0x080001c4   Section        0  __rtentry.o(.ARM.Collect$$rtentry$$00000000)
    .ARM.Collect$$rtentry$$00000002          0x080001c4   Section        0  __rtentry2.o(.ARM.Collect$$rtentry$$00000002)
    .ARM.Collect$$rtentry$$00000004          0x080001c4   Section        6  __rtentry4.o(.ARM.Collect$$rtentry$$00000004)
    .ARM.Collect$$rtentry$$00000009          0x080001ca   Section        0  __rtentry2.o(.ARM.Collect$$rtentry$$00000009)
    .ARM.Collect$$rtentry$$0000000A          0x080001ca   Section        4  __rtentry2.o(.ARM.Collect$$rtentry$$0000000A)
    .ARM.Collect$$rtentry$$0000000C          0x080001ce   Section        0  __rtentry2.o(.ARM.Collect$$rtentry$$0000000C)
    .ARM.Collect$$rtentry$$0000000D          0x080001ce   Section        8  __rtentry2.o(.ARM.Collect$$rtentry$$0000000D)
    .ARM.Collect$$rtexit$$00000000           0x080001d6   Section        2  rtexit.o(.ARM.Collect$$rtexit$$00000000)
    .ARM.Collect$$rtexit$$00000002           0x080001d8   Section        0  rtexit2.o(.ARM.Collect$$rtexit$$00000002)
    .ARM.Collect$$rtexit$$00000003           0x080001d8   Section        4  rtexit2.o(.ARM.Collect$$rtexit$$00000003)
    .ARM.Collect$$rtexit$$00000004           0x080001dc   Section        6  rtexit2.o(.ARM.Collect$$rtexit$$00000004)
    .emb_text                                0x080001e4   Section        0  maybetermalloc1.o(.emb_text)
    .text                                    0x080001e4   Section       64  startup_stm32f10x_hd.o(.text)
    .text                                    0x08000224   Section        0  h1_alloc.o(.text)
    .text                                    0x08000282   Section        0  h1_free.o(.text)
    .text                                    0x080002d0   Section        0  noretval__2sprintf.o(.text)
    .text                                    0x080002f8   Section        0  _printf_pad.o(.text)
    .text                                    0x08000346   Section        0  _printf_str.o(.text)
    .text                                    0x08000398   Section        0  _printf_dec.o(.text)
    .text                                    0x08000410   Section        0  __printf_flags_wp.o(.text)
    .text                                    0x08000548   Section        0  strlen.o(.text)
    .text                                    0x08000586   Section        0  heapauxi.o(.text)
    .text                                    0x0800058c   Section        8  rt_heap_descriptor_intlibspace.o(.text)
    .text                                    0x08000594   Section        0  hguard.o(.text)
    .text                                    0x08000598   Section        0  init_alloc.o(.text)
    .text                                    0x08000622   Section        0  h1_init.o(.text)
    .text                                    0x08000630   Section        0  _printf_intcommon.o(.text)
    .text                                    0x080006e4   Section        0  _printf_char_common.o(.text)
    _printf_input_char                       0x080006e5   Thumb Code    10  _printf_char_common.o(.text)
    .text                                    0x08000714   Section        0  _sputc.o(.text)
    .text                                    0x0800071e   Section        0  _printf_char.o(.text)
    .text                                    0x0800074c   Section        8  libspace.o(.text)
    .text                                    0x08000754   Section        0  h1_extend.o(.text)
    .text                                    0x08000788   Section        0  defsig_rtmem_outer.o(.text)
    .text                                    0x08000796   Section        2  use_no_semi.o(.text)
    .text                                    0x08000798   Section        0  indicate_semi.o(.text)
    .text                                    0x08000798   Section       74  sys_stackheap_outer.o(.text)
    .text                                    0x080007e2   Section        0  exit.o(.text)
    .text                                    0x080007f4   Section        0  defsig_exit.o(.text)
    .text                                    0x08000800   Section        0  defsig_rtmem_inner.o(.text)
    .text                                    0x08000850   Section        0  sys_exit.o(.text)
    .text                                    0x0800085c   Section        0  defsig_general.o(.text)
    .text                                    0x0800088e   Section        0  sys_wrch.o(.text)
    i.BusFault_Handler                       0x0800089c   Section        0  stm32f10x_it.o(i.BusFault_Handler)
    i.Ctrller_RxBufAnalysis                  0x080008a0   Section        0  comhandle.o(i.Ctrller_RxBufAnalysis)
    i.DebugMon_Handler                       0x080008c4   Section        0  stm32f10x_it.o(i.DebugMon_Handler)
    i.GPIO_Init                              0x080008c6   Section        0  stm32f10x_gpio.o(i.GPIO_Init)
    i.GPIO_PinRemapConfig                    0x080009dc   Section        0  stm32f10x_gpio.o(i.GPIO_PinRemapConfig)
    i.GPIO_SetBits                           0x08000a6c   Section        0  stm32f10x_gpio.o(i.GPIO_SetBits)
    i.HardFault_Handler                      0x08000a70   Section        0  stm32f10x_it.o(i.HardFault_Handler)
    i.LED_Flash                              0x08000a74   Section        0  led.o(i.LED_Flash)
    i.LED_Init                               0x08000ac0   Section        0  led.o(i.LED_Init)
    i.MemManage_Handler                      0x08000b0c   Section        0  stm32f10x_it.o(i.MemManage_Handler)
    i.MotorSpeedPidCtrl                      0x08000b10   Section        0  pidctrller.o(i.MotorSpeedPidCtrl)
    i.NMI_Handler                            0x08000cdc   Section        0  stm32f10x_it.o(i.NMI_Handler)
    i.NVIC_Init                              0x08000ce0   Section        0  misc.o(i.NVIC_Init)
    i.NVIC_PriorityGroupConfig               0x08000d50   Section        0  misc.o(i.NVIC_PriorityGroupConfig)
    i.NVIC_SetPriority                       0x08000d64   Section        0  systick.o(i.NVIC_SetPriority)
    NVIC_SetPriority                         0x08000d65   Thumb Code    32  systick.o(i.NVIC_SetPriority)
    i.PID_Divider                            0x08000d8c   Section        0  pidctrller.o(i.PID_Divider)
    i.PendSV_Handler                         0x08000db8   Section        0  stm32f10x_it.o(i.PendSV_Handler)
    i.RCC_APB1PeriphClockCmd                 0x08000dbc   Section        0  stm32f10x_rcc.o(i.RCC_APB1PeriphClockCmd)
    i.RCC_APB1PeriphResetCmd                 0x08000ddc   Section        0  stm32f10x_rcc.o(i.RCC_APB1PeriphResetCmd)
    i.RCC_APB2PeriphClockCmd                 0x08000dfc   Section        0  stm32f10x_rcc.o(i.RCC_APB2PeriphClockCmd)
    i.RCC_APB2PeriphResetCmd                 0x08000e1c   Section        0  stm32f10x_rcc.o(i.RCC_APB2PeriphResetCmd)
    i.RCC_GetClocksFreq                      0x08000e3c   Section        0  stm32f10x_rcc.o(i.RCC_GetClocksFreq)
    i.ROS_RxBufAnalysis                      0x08000f10   Section        0  comhandle.o(i.ROS_RxBufAnalysis)
    i.ROS_SpeedDataSubscribe                 0x08000f50   Section        0  comhandle.o(i.ROS_SpeedDataSubscribe)
    i.SVC_Handler                            0x080010d0   Section        0  stm32f10x_it.o(i.SVC_Handler)
    i.SYN7318_Put_Char                       0x080010d2   Section        0  syn7318.o(i.SYN7318_Put_Char)
    i.SYN7318_Put_String                     0x080010de   Section        0  syn7318.o(i.SYN7318_Put_String)
    i.SetSysClock                            0x080010f8   Section        0  system_stm32f10x.o(i.SetSysClock)
    SetSysClock                              0x080010f9   Thumb Code     8  system_stm32f10x.o(i.SetSysClock)
    i.SetSysClockTo72                        0x08001100   Section        0  system_stm32f10x.o(i.SetSysClockTo72)
    SetSysClockTo72                          0x08001101   Thumb Code   214  system_stm32f10x.o(i.SetSysClockTo72)
    i.SetTargetSpeed                         0x080011e0   Section        0  pidctrller.o(i.SetTargetSpeed)
    i.SoundFilePlayer                        0x0800121c   Section        0  syn7318.o(i.SoundFilePlayer)
    i.SoundLoop                              0x0800126c   Section        0  syn7318.o(i.SoundLoop)
    i.SysTick_Handler                        0x08001270   Section        0  systick.o(i.SysTick_Handler)
    i.Sys_GetTick                            0x08001288   Section        0  systick.o(i.Sys_GetTick)
    i.SystemInit                             0x08001294   Section        0  system_stm32f10x.o(i.SystemInit)
    i.Systick_init                           0x080012f4   Section        0  systick.o(i.Systick_init)
    i.TI1_Config                             0x0800133c   Section        0  stm32f10x_tim.o(i.TI1_Config)
    TI1_Config                               0x0800133d   Thumb Code   108  stm32f10x_tim.o(i.TI1_Config)
    i.TI2_Config                             0x080013bc   Section        0  stm32f10x_tim.o(i.TI2_Config)
    TI2_Config                               0x080013bd   Thumb Code   130  stm32f10x_tim.o(i.TI2_Config)
    i.TI3_Config                             0x08001454   Section        0  stm32f10x_tim.o(i.TI3_Config)
    TI3_Config                               0x08001455   Thumb Code   122  stm32f10x_tim.o(i.TI3_Config)
    i.TI4_Config                             0x080014e4   Section        0  stm32f10x_tim.o(i.TI4_Config)
    TI4_Config                               0x080014e5   Thumb Code   130  stm32f10x_tim.o(i.TI4_Config)
    i.TIM1_EncoderMode                       0x0800157c   Section        0  encoder.o(i.TIM1_EncoderMode)
    i.TIM2_EncoderMode                       0x0800161c   Section        0  encoder.o(i.TIM2_EncoderMode)
    i.TIM3_EncoderMode                       0x080016b4   Section        0  encoder.o(i.TIM3_EncoderMode)
    i.TIM4_EncoderMode                       0x08001748   Section        0  encoder.o(i.TIM4_EncoderMode)
    i.TIM_Cmd                                0x080017dc   Section        0  stm32f10x_tim.o(i.TIM_Cmd)
    i.TIM_DeInit                             0x080017f4   Section        0  stm32f10x_tim.o(i.TIM_DeInit)
    i.TIM_EncoderInterfaceConfig             0x080019dc   Section        0  stm32f10x_tim.o(i.TIM_EncoderInterfaceConfig)
    i.TIM_ICInit                             0x08001a20   Section        0  stm32f10x_tim.o(i.TIM_ICInit)
    i.TIM_ICStructInit                       0x08001acc   Section        0  stm32f10x_tim.o(i.TIM_ICStructInit)
    i.TIM_SetCounter                         0x08001ade   Section        0  stm32f10x_tim.o(i.TIM_SetCounter)
    i.TIM_SetIC1Prescaler                    0x08001ae2   Section        0  stm32f10x_tim.o(i.TIM_SetIC1Prescaler)
    i.TIM_SetIC2Prescaler                    0x08001af4   Section        0  stm32f10x_tim.o(i.TIM_SetIC2Prescaler)
    i.TIM_SetIC3Prescaler                    0x08001b0e   Section        0  stm32f10x_tim.o(i.TIM_SetIC3Prescaler)
    i.TIM_SetIC4Prescaler                    0x08001b20   Section        0  stm32f10x_tim.o(i.TIM_SetIC4Prescaler)
    i.TIM_TimeBaseInit                       0x08001b3c   Section        0  stm32f10x_tim.o(i.TIM_TimeBaseInit)
    i.TIM_TimeBaseStructInit                 0x08001be0   Section        0  stm32f10x_tim.o(i.TIM_TimeBaseStructInit)
    i.U4SendChar                             0x08001bf4   Section        0  syn7318.o(i.U4SendChar)
    i.UART4_IRQHandler                       0x08001c14   Section        0  syn7318.o(i.UART4_IRQHandler)
    i.USART1_IRQHandler                      0x08001c18   Section        0  usart.o(i.USART1_IRQHandler)
    i.USART1_Initialise                      0x08001c40   Section        0  usart.o(i.USART1_Initialise)
    i.USART2_IRQHandler                      0x08001ce0   Section        0  usart.o(i.USART2_IRQHandler)
    i.USART2_Initialise                      0x08001d08   Section        0  usart.o(i.USART2_Initialise)
    i.USART3_IRQHandler                      0x08001db0   Section        0  usart.o(i.USART3_IRQHandler)
    i.USART3_Initialise                      0x08001dd8   Section        0  usart.o(i.USART3_Initialise)
    i.USART4_Initialise                      0x08001e80   Section        0  usart.o(i.USART4_Initialise)
    i.USART_ClearFlag                        0x08001f14   Section        0  stm32f10x_usart.o(i.USART_ClearFlag)
    i.USART_Cmd                              0x08001f26   Section        0  stm32f10x_usart.o(i.USART_Cmd)
    i.USART_GetFlagStatus                    0x08001f3e   Section        0  stm32f10x_usart.o(i.USART_GetFlagStatus)
    i.USART_ITConfig                         0x08001f58   Section        0  stm32f10x_usart.o(i.USART_ITConfig)
    i.USART_Init                             0x08001fa4   Section        0  stm32f10x_usart.o(i.USART_Init)
    i.USART_RxFuncConfig                     0x0800207c   Section        0  usart.o(i.USART_RxFuncConfig)
    i.USART_RxToBuf                          0x08002088   Section        0  comhandle.o(i.USART_RxToBuf)
    i.USART_SendData                         0x08002158   Section        0  stm32f10x_usart.o(i.USART_SendData)
    i.USART_SendString                       0x08002160   Section        0  usart.o(i.USART_SendString)
    i.UsageFault_Handler                     0x08002188   Section        0  stm32f10x_it.o(i.UsageFault_Handler)
    i._is_digit                              0x0800218c   Section        0  __printf_wp.o(i._is_digit)
    i.comHandleLoop                          0x0800219c   Section        0  comhandle.o(i.comHandleLoop)
    i.comHandleSetup                         0x080021bc   Section        0  comhandle.o(i.comHandleSetup)
    i.creatIRQFunc                           0x080021cc   Section        0  systick.o(i.creatIRQFunc)
    i.delay_ms                               0x08002200   Section        0  systick.o(i.delay_ms)
    i.main                                   0x08002218   Section        0  main.o(i.main)
    i.runIRQFunc                             0x0800229c   Section        0  systick.o(i.runIRQFunc)
    i.sendBatteryVoltage                     0x080022bc   Section        0  comhandle.o(i.sendBatteryVoltage)
    i.sendBatteryVoltageMeasure              0x08002404   Section        0  comhandle.o(i.sendBatteryVoltageMeasure)
    i.sendUpMotorSpeed                       0x0800241c   Section        0  pidctrller.o(i.sendUpMotorSpeed)
    i.setMotoSpeed                           0x080025b8   Section        0  comhandle.o(i.setMotoSpeed)
    i.setMotorPWM                            0x08002644   Section        0  pidctrller.o(i.setMotorPWM)
    i.syntest                                0x080027e0   Section        0  syn7318.o(i.syntest)
    i.updataSpeed                            0x08002810   Section        0  pidctrller.o(i.updataSpeed)
    x$fpl$d2f                                0x080028fc   Section       98  d2f.o(x$fpl$d2f)
    x$fpl$dadd                               0x08002960   Section      336  daddsub_clz.o(x$fpl$dadd)
    _dadd1                                   0x08002971   Thumb Code     0  daddsub_clz.o(x$fpl$dadd)
    x$fpl$ddiv                               0x08002ab0   Section      688  ddiv.o(x$fpl$ddiv)
    ddiv_entry                               0x08002ab7   Thumb Code     0  ddiv.o(x$fpl$ddiv)
    x$fpl$dflt                               0x08002d60   Section       46  dflt_clz.o(x$fpl$dflt)
    x$fpl$dmul                               0x08002d90   Section      340  dmul.o(x$fpl$dmul)
    x$fpl$dnaninf                            0x08002ee4   Section      156  dnaninf.o(x$fpl$dnaninf)
    x$fpl$dretinf                            0x08002f80   Section       12  dretinf.o(x$fpl$dretinf)
    x$fpl$dsub                               0x08002f8c   Section      468  daddsub_clz.o(x$fpl$dsub)
    _dsub1                                   0x08002f9d   Thumb Code     0  daddsub_clz.o(x$fpl$dsub)
    x$fpl$f2d                                0x08003160   Section       86  f2d.o(x$fpl$f2d)
    x$fpl$fadd                               0x080031b8   Section      196  faddsub_clz.o(x$fpl$fadd)
    _fadd1                                   0x080031c7   Thumb Code     0  faddsub_clz.o(x$fpl$fadd)
    x$fpl$fcmpinf                            0x0800327c   Section       24  fcmpi.o(x$fpl$fcmpinf)
    x$fpl$fdiv                               0x08003294   Section      388  fdiv.o(x$fpl$fdiv)
    _fdiv1                                   0x08003295   Thumb Code     0  fdiv.o(x$fpl$fdiv)
    x$fpl$feqf                               0x08003418   Section      104  feqf.o(x$fpl$feqf)
    x$fpl$ffix                               0x08003480   Section       54  ffix.o(x$fpl$ffix)
    x$fpl$ffixu                              0x080034b8   Section       62  ffixu.o(x$fpl$ffixu)
    x$fpl$fflt                               0x080034f8   Section       48  fflt_clz.o(x$fpl$fflt)
    x$fpl$fleqf                              0x08003528   Section      104  fleqf.o(x$fpl$fleqf)
    x$fpl$fmul                               0x08003590   Section      258  fmul.o(x$fpl$fmul)
    x$fpl$fnaninf                            0x08003692   Section      140  fnaninf.o(x$fpl$fnaninf)
    x$fpl$fretinf                            0x0800371e   Section       10  fretinf.o(x$fpl$fretinf)
    x$fpl$frleqf                             0x08003728   Section       98  frleqf.o(x$fpl$frleqf)
    x$fpl$frsb                               0x0800378a   Section       20  faddsub_clz.o(x$fpl$frsb)
    x$fpl$fsub                               0x080037a0   Section      234  faddsub_clz.o(x$fpl$fsub)
    _fsub1                                   0x080037af   Thumb Code     0  faddsub_clz.o(x$fpl$fsub)
    x$fpl$usenofp                            0x0800388a   Section        0  usenofp.o(x$fpl$usenofp)
    .constdata                               0x0800388c   Section       12  pidctrller.o(.constdata)
    .constdata                               0x08003898   Section       17  __printf_flags_wp.o(.constdata)
    maptable                                 0x08003898   Data          17  __printf_flags_wp.o(.constdata)
    .data                                    0x20000000   Section        2  main.o(.data)
    .data                                    0x20000004   Section        4  pidctrller.o(.data)
    div                                      0x20000004   Data           4  pidctrller.o(.data)
    .data                                    0x20000008   Section        4  led.o(.data)
    lasttick                                 0x20000008   Data           4  led.o(.data)
    .data                                    0x2000000c   Section       12  systick.o(.data)
    .data                                    0x20000018   Section        4  usart.o(.data)
    .data                                    0x2000001c   Section       20  stm32f10x_rcc.o(.data)
    APBAHBPrescTable                         0x2000001c   Data          16  stm32f10x_rcc.o(.data)
    ADCPrescTable                            0x2000002c   Data           4  stm32f10x_rcc.o(.data)
    .bss                                     0x20000030   Section      112  pidctrller.o(.bss)
    pid                                      0x20000050   Data          80  pidctrller.o(.bss)
    .bss                                     0x200000a0   Section      306  comhandle.o(.bss)
    .bss                                     0x200001d4   Section       96  libspace.o(.bss)
    HEAP                                     0x20000238   Section      512  startup_stm32f10x_hd.o(HEAP)
    Heap_Mem                                 0x20000238   Data         512  startup_stm32f10x_hd.o(HEAP)
    STACK                                    0x20000438   Section     1024  startup_stm32f10x_hd.o(STACK)
    Stack_Mem                                0x20000438   Data        1024  startup_stm32f10x_hd.o(STACK)
    __initial_sp                             0x20000838   Data           0  startup_stm32f10x_hd.o(STACK)

    Global Symbols

    Symbol Name                              Value     Ov Type        Size  Object(Section)

    BuildAttributes$$THM_ISAv4$P$D$K$B$S$PE$A:L22UL41UL21$X:L11$S22US41US21$IEEE1$IW$USESV6$~STKCKD$USESV7$~SHL$OTIME$ROPI$EBA8$UX$STANDARDLIB$REQ8$PRES8$EABIv2 0x00000000   Number         0  anon$$obj.o ABSOLUTE
    __ARM_use_no_argv                        0x00000000   Number         0  main.o ABSOLUTE
    _printf_flags                            0x00000000   Number         0  printf_stubs.o ABSOLUTE
    _printf_return_value                     0x00000000   Number         0  printf_stubs.o ABSOLUTE
    _printf_sizespec                         0x00000000   Number         0  printf_stubs.o ABSOLUTE
    _printf_widthprec                        0x00000000   Number         0  printf_stubs.o ABSOLUTE
    __ARM_exceptions_init                     - Undefined Weak Reference
    __alloca_initialize                       - Undefined Weak Reference
    __arm_preinit_                            - Undefined Weak Reference
    __cpp_initialize__aeabi_                  - Undefined Weak Reference
    __cxa_finalize                            - Undefined Weak Reference
    __rt_locale                               - Undefined Weak Reference
    __sigvec_lookup                           - Undefined Weak Reference
    __user_heap_extent                        - Undefined Weak Reference
    _atexit_init                              - Undefined Weak Reference
    _call_atexit_fns                          - Undefined Weak Reference
    _clock_init                               - Undefined Weak Reference
    _fp_trap_init                             - Undefined Weak Reference
    _fp_trap_shutdown                         - Undefined Weak Reference
    _get_lc_collate                           - Undefined Weak Reference
    _get_lc_ctype                             - Undefined Weak Reference
    _get_lc_monetary                          - Undefined Weak Reference
    _get_lc_numeric                           - Undefined Weak Reference
    _get_lc_time                              - Undefined Weak Reference
    _getenv_init                              - Undefined Weak Reference
    _handle_redirection                       - Undefined Weak Reference
    _initio                                   - Undefined Weak Reference
    _mutex_acquire                            - Undefined Weak Reference
    _mutex_free                               - Undefined Weak Reference
    _mutex_release                            - Undefined Weak Reference
    _printf_mbtowc                            - Undefined Weak Reference
    _printf_truncate_signed                   - Undefined Weak Reference
    _printf_truncate_unsigned                 - Undefined Weak Reference
    _rand_init                                - Undefined Weak Reference
    _signal_finish                            - Undefined Weak Reference
    _signal_init                              - Undefined Weak Reference
    _terminateio                              - Undefined Weak Reference
    __Vectors_Size                           0x00000130   Number         0  startup_stm32f10x_hd.o ABSOLUTE
    __Vectors                                0x08000000   Data           4  startup_stm32f10x_hd.o(RESET)
    __Vectors_End                            0x08000130   Data           0  startup_stm32f10x_hd.o(RESET)
    __main                                   0x08000131   Thumb Code     8  __main.o(!!!main)
    __scatterload                            0x08000139   Thumb Code     0  __scatter.o(!!!scatter)
    __scatterload_rt2                        0x08000139   Thumb Code    44  __scatter.o(!!!scatter)
    __scatterload_rt2_thumb_only             0x08000139   Thumb Code     0  __scatter.o(!!!scatter)
    __scatterload_null                       0x08000147   Thumb Code     0  __scatter.o(!!!scatter)
    __scatterload_copy                       0x0800016d   Thumb Code    26  __scatter_copy.o(!!handler_copy)
    __scatterload_zeroinit                   0x08000189   Thumb Code    28  __scatter_zi.o(!!handler_zi)
    _printf_d                                0x080001a5   Thumb Code     0  _printf_d.o(.ARM.Collect$$_printf_percent$$00000009)
    _printf_percent                          0x080001a5   Thumb Code     0  _printf_percent.o(.ARM.Collect$$_printf_percent$$00000000)
    _printf_c                                0x080001ab   Thumb Code     0  _printf_c.o(.ARM.Collect$$_printf_percent$$00000013)
    _printf_percent_end                      0x080001b1   Thumb Code     0  _printf_percent_end.o(.ARM.Collect$$_printf_percent$$00000017)
    __rt_lib_init                            0x080001b5   Thumb Code     0  libinit.o(.ARM.Collect$$libinit$$00000000)
    __rt_lib_init_fp_1                       0x080001b7   Thumb Code     0  libinit2.o(.ARM.Collect$$libinit$$00000002)
    __rt_lib_init_heap_2                     0x080001b7   Thumb Code     0  libinit2.o(.ARM.Collect$$libinit$$00000005)
    __rt_lib_init_preinit_1                  0x080001b7   Thumb Code     0  libinit2.o(.ARM.Collect$$libinit$$00000004)
    __rt_lib_init_alloca_1                   0x080001bf   Thumb Code     0  libinit2.o(.ARM.Collect$$libinit$$0000002E)
    __rt_lib_init_argv_1                     0x080001bf   Thumb Code     0  libinit2.o(.ARM.Collect$$libinit$$0000002C)
    __rt_lib_init_atexit_1                   0x080001bf   Thumb Code     0  libinit2.o(.ARM.Collect$$libinit$$0000001B)
    __rt_lib_init_clock_1                    0x080001bf   Thumb Code     0  libinit2.o(.ARM.Collect$$libinit$$00000021)
    __rt_lib_init_cpp_1                      0x080001bf   Thumb Code     0  libinit2.o(.ARM.Collect$$libinit$$00000032)
    __rt_lib_init_exceptions_1               0x080001bf   Thumb Code     0  libinit2.o(.ARM.Collect$$libinit$$00000030)
    __rt_lib_init_fp_trap_1                  0x080001bf   Thumb Code     0  libinit2.o(.ARM.Collect$$libinit$$0000001F)
    __rt_lib_init_getenv_1                   0x080001bf   Thumb Code     0  libinit2.o(.ARM.Collect$$libinit$$00000023)
    __rt_lib_init_heap_1                     0x080001bf   Thumb Code     0  libinit2.o(.ARM.Collect$$libinit$$0000000A)
    __rt_lib_init_lc_collate_1               0x080001bf   Thumb Code     0  libinit2.o(.ARM.Collect$$libinit$$00000011)
    __rt_lib_init_lc_ctype_1                 0x080001bf   Thumb Code     0  libinit2.o(.ARM.Collect$$libinit$$00000013)
    __rt_lib_init_lc_monetary_1              0x080001bf   Thumb Code     0  libinit2.o(.ARM.Collect$$libinit$$00000015)
    __rt_lib_init_lc_numeric_1               0x080001bf   Thumb Code     0  libinit2.o(.ARM.Collect$$libinit$$00000017)
    __rt_lib_init_lc_time_1                  0x080001bf   Thumb Code     0  libinit2.o(.ARM.Collect$$libinit$$00000019)
    __rt_lib_init_rand_1                     0x080001bf   Thumb Code     0  libinit2.o(.ARM.Collect$$libinit$$0000000E)
    __rt_lib_init_return                     0x080001bf   Thumb Code     0  libinit2.o(.ARM.Collect$$libinit$$00000033)
    __rt_lib_init_signal_1                   0x080001bf   Thumb Code     0  libinit2.o(.ARM.Collect$$libinit$$0000001D)
    __rt_lib_init_stdio_1                    0x080001bf   Thumb Code     0  libinit2.o(.ARM.Collect$$libinit$$00000025)
    __rt_lib_init_user_alloc_1               0x080001bf   Thumb Code     0  libinit2.o(.ARM.Collect$$libinit$$0000000C)
    __rt_lib_shutdown                        0x080001c1   Thumb Code     0  libshutdown.o(.ARM.Collect$$libshutdown$$00000000)
    __rt_lib_shutdown_cpp_1                  0x080001c3   Thumb Code     0  libshutdown2.o(.ARM.Collect$$libshutdown$$00000002)
    __rt_lib_shutdown_fp_trap_1              0x080001c3   Thumb Code     0  libshutdown2.o(.ARM.Collect$$libshutdown$$00000007)
    __rt_lib_shutdown_heap_1                 0x080001c3   Thumb Code     0  libshutdown2.o(.ARM.Collect$$libshutdown$$0000000F)
    __rt_lib_shutdown_return                 0x080001c3   Thumb Code     0  libshutdown2.o(.ARM.Collect$$libshutdown$$00000010)
    __rt_lib_shutdown_signal_1               0x080001c3   Thumb Code     0  libshutdown2.o(.ARM.Collect$$libshutdown$$0000000A)
    __rt_lib_shutdown_stdio_1                0x080001c3   Thumb Code     0  libshutdown2.o(.ARM.Collect$$libshutdown$$00000004)
    __rt_lib_shutdown_user_alloc_1           0x080001c3   Thumb Code     0  libshutdown2.o(.ARM.Collect$$libshutdown$$0000000C)
    __rt_entry                               0x080001c5   Thumb Code     0  __rtentry.o(.ARM.Collect$$rtentry$$00000000)
    __rt_entry_presh_1                       0x080001c5   Thumb Code     0  __rtentry2.o(.ARM.Collect$$rtentry$$00000002)
    __rt_entry_sh                            0x080001c5   Thumb Code     0  __rtentry4.o(.ARM.Collect$$rtentry$$00000004)
    __rt_entry_li                            0x080001cb   Thumb Code     0  __rtentry2.o(.ARM.Collect$$rtentry$$0000000A)
    __rt_entry_postsh_1                      0x080001cb   Thumb Code     0  __rtentry2.o(.ARM.Collect$$rtentry$$00000009)
    __rt_entry_main                          0x080001cf   Thumb Code     0  __rtentry2.o(.ARM.Collect$$rtentry$$0000000D)
    __rt_entry_postli_1                      0x080001cf   Thumb Code     0  __rtentry2.o(.ARM.Collect$$rtentry$$0000000C)
    __rt_exit                                0x080001d7   Thumb Code     0  rtexit.o(.ARM.Collect$$rtexit$$00000000)
    __rt_exit_ls                             0x080001d9   Thumb Code     0  rtexit2.o(.ARM.Collect$$rtexit$$00000003)
    __rt_exit_prels_1                        0x080001d9   Thumb Code     0  rtexit2.o(.ARM.Collect$$rtexit$$00000002)
    __rt_exit_exit                           0x080001dd   Thumb Code     0  rtexit2.o(.ARM.Collect$$rtexit$$00000004)
    Reset_Handler                            0x080001e5   Thumb Code     8  startup_stm32f10x_hd.o(.text)
    _maybe_terminate_alloc                   0x080001e5   Thumb Code     0  maybetermalloc1.o(.emb_text)
    ADC1_2_IRQHandler                        0x080001ff   Thumb Code     0  startup_stm32f10x_hd.o(.text)
    ADC3_IRQHandler                          0x080001ff   Thumb Code     0  startup_stm32f10x_hd.o(.text)
    CAN1_RX1_IRQHandler                      0x080001ff   Thumb Code     0  startup_stm32f10x_hd.o(.text)
    CAN1_SCE_IRQHandler                      0x080001ff   Thumb Code     0  startup_stm32f10x_hd.o(.text)
    DMA1_Channel1_IRQHandler                 0x080001ff   Thumb Code     0  startup_stm32f10x_hd.o(.text)
    DMA1_Channel2_IRQHandler                 0x080001ff   Thumb Code     0  startup_stm32f10x_hd.o(.text)
    DMA1_Channel3_IRQHandler                 0x080001ff   Thumb Code     0  startup_stm32f10x_hd.o(.text)
    DMA1_Channel4_IRQHandler                 0x080001ff   Thumb Code     0  startup_stm32f10x_hd.o(.text)
    DMA1_Channel5_IRQHandler                 0x080001ff   Thumb Code     0  startup_stm32f10x_hd.o(.text)
    DMA1_Channel6_IRQHandler                 0x080001ff   Thumb Code     0  startup_stm32f10x_hd.o(.text)
    DMA1_Channel7_IRQHandler                 0x080001ff   Thumb Code     0  startup_stm32f10x_hd.o(.text)
    DMA2_Channel1_IRQHandler                 0x080001ff   Thumb Code     0  startup_stm32f10x_hd.o(.text)
    DMA2_Channel2_IRQHandler                 0x080001ff   Thumb Code     0  startup_stm32f10x_hd.o(.text)
    DMA2_Channel3_IRQHandler                 0x080001ff   Thumb Code     0  startup_stm32f10x_hd.o(.text)
    DMA2_Channel4_5_IRQHandler               0x080001ff   Thumb Code     0  startup_stm32f10x_hd.o(.text)
    EXTI0_IRQHandler                         0x080001ff   Thumb Code     0  startup_stm32f10x_hd.o(.text)
    EXTI15_10_IRQHandler                     0x080001ff   Thumb Code     0  startup_stm32f10x_hd.o(.text)
    EXTI1_IRQHandler                         0x080001ff   Thumb Code     0  startup_stm32f10x_hd.o(.text)
    EXTI2_IRQHandler                         0x080001ff   Thumb Code     0  startup_stm32f10x_hd.o(.text)
    EXTI3_IRQHandler                         0x080001ff   Thumb Code     0  startup_stm32f10x_hd.o(.text)
    EXTI4_IRQHandler                         0x080001ff   Thumb Code     0  startup_stm32f10x_hd.o(.text)
    EXTI9_5_IRQHandler                       0x080001ff   Thumb Code     0  startup_stm32f10x_hd.o(.text)
    FLASH_IRQHandler                         0x080001ff   Thumb Code     0  startup_stm32f10x_hd.o(.text)
    FSMC_IRQHandler                          0x080001ff   Thumb Code     0  startup_stm32f10x_hd.o(.text)
    I2C1_ER_IRQHandler                       0x080001ff   Thumb Code     0  startup_stm32f10x_hd.o(.text)
    I2C1_EV_IRQHandler                       0x080001ff   Thumb Code     0  startup_stm32f10x_hd.o(.text)
    I2C2_ER_IRQHandler                       0x080001ff   Thumb Code     0  startup_stm32f10x_hd.o(.text)
    I2C2_EV_IRQHandler                       0x080001ff   Thumb Code     0  startup_stm32f10x_hd.o(.text)
    PVD_IRQHandler                           0x080001ff   Thumb Code     0  startup_stm32f10x_hd.o(.text)
    RCC_IRQHandler                           0x080001ff   Thumb Code     0  startup_stm32f10x_hd.o(.text)
    RTCAlarm_IRQHandler                      0x080001ff   Thumb Code     0  startup_stm32f10x_hd.o(.text)
    RTC_IRQHandler                           0x080001ff   Thumb Code     0  startup_stm32f10x_hd.o(.text)
    SDIO_IRQHandler                          0x080001ff   Thumb Code     0  startup_stm32f10x_hd.o(.text)
    SPI1_IRQHandler                          0x080001ff   Thumb Code     0  startup_stm32f10x_hd.o(.text)
    SPI2_IRQHandler                          0x080001ff   Thumb Code     0  startup_stm32f10x_hd.o(.text)
    SPI3_IRQHandler                          0x080001ff   Thumb Code     0  startup_stm32f10x_hd.o(.text)
    TAMPER_IRQHandler                        0x080001ff   Thumb Code     0  startup_stm32f10x_hd.o(.text)
    TIM1_BRK_IRQHandler                      0x080001ff   Thumb Code     0  startup_stm32f10x_hd.o(.text)
    TIM1_CC_IRQHandler                       0x080001ff   Thumb Code     0  startup_stm32f10x_hd.o(.text)
    TIM1_TRG_COM_IRQHandler                  0x080001ff   Thumb Code     0  startup_stm32f10x_hd.o(.text)
    TIM1_UP_IRQHandler                       0x080001ff   Thumb Code     0  startup_stm32f10x_hd.o(.text)
    TIM2_IRQHandler                          0x080001ff   Thumb Code     0  startup_stm32f10x_hd.o(.text)
    TIM3_IRQHandler                          0x080001ff   Thumb Code     0  startup_stm32f10x_hd.o(.text)
    TIM4_IRQHandler                          0x080001ff   Thumb Code     0  startup_stm32f10x_hd.o(.text)
    TIM5_IRQHandler                          0x080001ff   Thumb Code     0  startup_stm32f10x_hd.o(.text)
    TIM6_IRQHandler                          0x080001ff   Thumb Code     0  startup_stm32f10x_hd.o(.text)
    TIM7_IRQHandler                          0x080001ff   Thumb Code     0  startup_stm32f10x_hd.o(.text)
    TIM8_BRK_IRQHandler                      0x080001ff   Thumb Code     0  startup_stm32f10x_hd.o(.text)
    TIM8_CC_IRQHandler                       0x080001ff   Thumb Code     0  startup_stm32f10x_hd.o(.text)
    TIM8_TRG_COM_IRQHandler                  0x080001ff   Thumb Code     0  startup_stm32f10x_hd.o(.text)
    TIM8_UP_IRQHandler                       0x080001ff   Thumb Code     0  startup_stm32f10x_hd.o(.text)
    UART5_IRQHandler                         0x080001ff   Thumb Code     0  startup_stm32f10x_hd.o(.text)
    USBWakeUp_IRQHandler                     0x080001ff   Thumb Code     0  startup_stm32f10x_hd.o(.text)
    USB_HP_CAN1_TX_IRQHandler                0x080001ff   Thumb Code     0  startup_stm32f10x_hd.o(.text)
    USB_LP_CAN1_RX0_IRQHandler               0x080001ff   Thumb Code     0  startup_stm32f10x_hd.o(.text)
    WWDG_IRQHandler                          0x080001ff   Thumb Code     0  startup_stm32f10x_hd.o(.text)
    __user_initial_stackheap                 0x08000201   Thumb Code     0  startup_stm32f10x_hd.o(.text)
    malloc                                   0x08000225   Thumb Code    94  h1_alloc.o(.text)
    free                                     0x08000283   Thumb Code    78  h1_free.o(.text)
    __2sprintf                               0x080002d1   Thumb Code    34  noretval__2sprintf.o(.text)
    _printf_pre_padding                      0x080002f9   Thumb Code    44  _printf_pad.o(.text)
    _printf_post_padding                     0x08000325   Thumb Code    34  _printf_pad.o(.text)
    _printf_str                              0x08000347   Thumb Code    82  _printf_str.o(.text)
    _printf_int_dec                          0x08000399   Thumb Code   104  _printf_dec.o(.text)
    __printf                                 0x08000411   Thumb Code   308  __printf_flags_wp.o(.text)
    strlen                                   0x08000549   Thumb Code    62  strlen.o(.text)
    __use_two_region_memory                  0x08000587   Thumb Code     2  heapauxi.o(.text)
    __rt_heap_escrow                         0x08000589   Thumb Code     2  heapauxi.o(.text)
    __rt_heap_expand                         0x0800058b   Thumb Code     2  heapauxi.o(.text)
    __rt_heap_descriptor                     0x0800058d   Thumb Code     8  rt_heap_descriptor_intlibspace.o(.text)
    __use_no_heap                            0x08000595   Thumb Code     2  hguard.o(.text)
    __heap$guard                             0x08000597   Thumb Code     2  hguard.o(.text)
    _terminate_user_alloc                    0x08000599   Thumb Code     2  init_alloc.o(.text)
    _init_user_alloc                         0x0800059b   Thumb Code     2  init_alloc.o(.text)
    __Heap_Full                              0x0800059d   Thumb Code    34  init_alloc.o(.text)
    __Heap_Broken                            0x080005bf   Thumb Code     6  init_alloc.o(.text)
    _init_alloc                              0x080005c5   Thumb Code    94  init_alloc.o(.text)
    __Heap_Initialize                        0x08000623   Thumb Code    10  h1_init.o(.text)
    __Heap_DescSize                          0x0800062d   Thumb Code     4  h1_init.o(.text)
    _printf_int_common                       0x08000631   Thumb Code   178  _printf_intcommon.o(.text)
    _printf_char_common                      0x080006ef   Thumb Code    32  _printf_char_common.o(.text)
    _sputc                                   0x08000715   Thumb Code    10  _sputc.o(.text)
    _printf_cs_common                        0x0800071f   Thumb Code    20  _printf_char.o(.text)
    _printf_char                             0x08000733   Thumb Code    16  _printf_char.o(.text)
    _printf_string                           0x08000743   Thumb Code     8  _printf_char.o(.text)
    __user_libspace                          0x0800074d   Thumb Code     8  libspace.o(.text)
    __user_perproc_libspace                  0x0800074d   Thumb Code     0  libspace.o(.text)
    __user_perthread_libspace                0x0800074d   Thumb Code     0  libspace.o(.text)
    __Heap_ProvideMemory                     0x08000755   Thumb Code    52  h1_extend.o(.text)
    __rt_SIGRTMEM                            0x08000789   Thumb Code    14  defsig_rtmem_outer.o(.text)
    __I$use$semihosting                      0x08000797   Thumb Code     0  use_no_semi.o(.text)
    __use_no_semihosting_swi                 0x08000797   Thumb Code     2  use_no_semi.o(.text)
    __semihosting_library_function           0x08000799   Thumb Code     0  indicate_semi.o(.text)
    __user_setup_stackheap                   0x08000799   Thumb Code    74  sys_stackheap_outer.o(.text)
    exit                                     0x080007e3   Thumb Code    18  exit.o(.text)
    __sig_exit                               0x080007f5   Thumb Code    10  defsig_exit.o(.text)
    __rt_SIGRTMEM_inner                      0x08000801   Thumb Code    22  defsig_rtmem_inner.o(.text)
    _sys_exit                                0x08000851   Thumb Code     8  sys_exit.o(.text)
    __default_signal_display                 0x0800085d   Thumb Code    50  defsig_general.o(.text)
    _ttywrch                                 0x0800088f   Thumb Code    14  sys_wrch.o(.text)
    BusFault_Handler                         0x0800089d   Thumb Code     4  stm32f10x_it.o(i.BusFault_Handler)
    Ctrller_RxBufAnalysis                    0x080008a1   Thumb Code    36  comhandle.o(i.Ctrller_RxBufAnalysis)
    DebugMon_Handler                         0x080008c5   Thumb Code     2  stm32f10x_it.o(i.DebugMon_Handler)
    GPIO_Init                                0x080008c7   Thumb Code   278  stm32f10x_gpio.o(i.GPIO_Init)
    GPIO_PinRemapConfig                      0x080009dd   Thumb Code   138  stm32f10x_gpio.o(i.GPIO_PinRemapConfig)
    GPIO_SetBits                             0x08000a6d   Thumb Code     4  stm32f10x_gpio.o(i.GPIO_SetBits)
    HardFault_Handler                        0x08000a71   Thumb Code     4  stm32f10x_it.o(i.HardFault_Handler)
    LED_Flash                                0x08000a75   Thumb Code    66  led.o(i.LED_Flash)
    LED_Init                                 0x08000ac1   Thumb Code    68  led.o(i.LED_Init)
    MemManage_Handler                        0x08000b0d   Thumb Code     4  stm32f10x_it.o(i.MemManage_Handler)
    MotorSpeedPidCtrl                        0x08000b11   Thumb Code   434  pidctrller.o(i.MotorSpeedPidCtrl)
    NMI_Handler                              0x08000cdd   Thumb Code     2  stm32f10x_it.o(i.NMI_Handler)
    NVIC_Init                                0x08000ce1   Thumb Code   100  misc.o(i.NVIC_Init)
    NVIC_PriorityGroupConfig                 0x08000d51   Thumb Code    10  misc.o(i.NVIC_PriorityGroupConfig)
    PID_Divider                              0x08000d8d   Thumb Code    38  pidctrller.o(i.PID_Divider)
    PendSV_Handler                           0x08000db9   Thumb Code     2  stm32f10x_it.o(i.PendSV_Handler)
    RCC_APB1PeriphClockCmd                   0x08000dbd   Thumb Code    26  stm32f10x_rcc.o(i.RCC_APB1PeriphClockCmd)
    RCC_APB1PeriphResetCmd                   0x08000ddd   Thumb Code    26  stm32f10x_rcc.o(i.RCC_APB1PeriphResetCmd)
    RCC_APB2PeriphClockCmd                   0x08000dfd   Thumb Code    26  stm32f10x_rcc.o(i.RCC_APB2PeriphClockCmd)
    RCC_APB2PeriphResetCmd                   0x08000e1d   Thumb Code    26  stm32f10x_rcc.o(i.RCC_APB2PeriphResetCmd)
    RCC_GetClocksFreq                        0x08000e3d   Thumb Code   192  stm32f10x_rcc.o(i.RCC_GetClocksFreq)
    ROS_RxBufAnalysis                        0x08000f11   Thumb Code    62  comhandle.o(i.ROS_RxBufAnalysis)
    ROS_SpeedDataSubscribe                   0x08000f51   Thumb Code   342  comhandle.o(i.ROS_SpeedDataSubscribe)
    SVC_Handler                              0x080010d1   Thumb Code     2  stm32f10x_it.o(i.SVC_Handler)
    SYN7318_Put_Char                         0x080010d3   Thumb Code    12  syn7318.o(i.SYN7318_Put_Char)
    SYN7318_Put_String                       0x080010df   Thumb Code    26  syn7318.o(i.SYN7318_Put_String)
    SetTargetSpeed                           0x080011e1   Thumb Code    56  pidctrller.o(i.SetTargetSpeed)
    SoundFilePlayer                          0x0800121d   Thumb Code    80  syn7318.o(i.SoundFilePlayer)
    SoundLoop                                0x0800126d   Thumb Code     2  syn7318.o(i.SoundLoop)
    SysTick_Handler                          0x08001271   Thumb Code    18  systick.o(i.SysTick_Handler)
    Sys_GetTick                              0x08001289   Thumb Code     6  systick.o(i.Sys_GetTick)
    SystemInit                               0x08001295   Thumb Code    78  system_stm32f10x.o(i.SystemInit)
    Systick_init                             0x080012f5   Thumb Code    66  systick.o(i.Systick_init)
    TIM1_EncoderMode                         0x0800157d   Thumb Code   148  encoder.o(i.TIM1_EncoderMode)
    TIM2_EncoderMode                         0x0800161d   Thumb Code   146  encoder.o(i.TIM2_EncoderMode)
    TIM3_EncoderMode                         0x080016b5   Thumb Code   138  encoder.o(i.TIM3_EncoderMode)
    TIM4_EncoderMode                         0x08001749   Thumb Code   138  encoder.o(i.TIM4_EncoderMode)
    TIM_Cmd                                  0x080017dd   Thumb Code    24  stm32f10x_tim.o(i.TIM_Cmd)
    TIM_DeInit                               0x080017f5   Thumb Code   424  stm32f10x_tim.o(i.TIM_DeInit)
    TIM_EncoderInterfaceConfig               0x080019dd   Thumb Code    66  stm32f10x_tim.o(i.TIM_EncoderInterfaceConfig)
    TIM_ICInit                               0x08001a21   Thumb Code   150  stm32f10x_tim.o(i.TIM_ICInit)
    TIM_ICStructInit                         0x08001acd   Thumb Code    18  stm32f10x_tim.o(i.TIM_ICStructInit)
    TIM_SetCounter                           0x08001adf   Thumb Code     4  stm32f10x_tim.o(i.TIM_SetCounter)
    TIM_SetIC1Prescaler                      0x08001ae3   Thumb Code    18  stm32f10x_tim.o(i.TIM_SetIC1Prescaler)
    TIM_SetIC2Prescaler                      0x08001af5   Thumb Code    26  stm32f10x_tim.o(i.TIM_SetIC2Prescaler)
    TIM_SetIC3Prescaler                      0x08001b0f   Thumb Code    18  stm32f10x_tim.o(i.TIM_SetIC3Prescaler)
    TIM_SetIC4Prescaler                      0x08001b21   Thumb Code    26  stm32f10x_tim.o(i.TIM_SetIC4Prescaler)
    TIM_TimeBaseInit                         0x08001b3d   Thumb Code   122  stm32f10x_tim.o(i.TIM_TimeBaseInit)
    TIM_TimeBaseStructInit                   0x08001be1   Thumb Code    18  stm32f10x_tim.o(i.TIM_TimeBaseStructInit)
    U4SendChar                               0x08001bf5   Thumb Code    28  syn7318.o(i.U4SendChar)
    UART4_IRQHandler                         0x08001c15   Thumb Code     2  syn7318.o(i.UART4_IRQHandler)
    USART1_IRQHandler                        0x08001c19   Thumb Code    32  usart.o(i.USART1_IRQHandler)
    USART1_Initialise                        0x08001c41   Thumb Code   152  usart.o(i.USART1_Initialise)
    USART2_IRQHandler                        0x08001ce1   Thumb Code    32  usart.o(i.USART2_IRQHandler)
    USART2_Initialise                        0x08001d09   Thumb Code   154  usart.o(i.USART2_Initialise)
    USART3_IRQHandler                        0x08001db1   Thumb Code    32  usart.o(i.USART3_IRQHandler)
    USART3_Initialise                        0x08001dd9   Thumb Code   158  usart.o(i.USART3_Initialise)
    USART4_Initialise                        0x08001e81   Thumb Code   140  usart.o(i.USART4_Initialise)
    USART_ClearFlag                          0x08001f15   Thumb Code    18  stm32f10x_usart.o(i.USART_ClearFlag)
    USART_Cmd                                0x08001f27   Thumb Code    24  stm32f10x_usart.o(i.USART_Cmd)
    USART_GetFlagStatus                      0x08001f3f   Thumb Code    26  stm32f10x_usart.o(i.USART_GetFlagStatus)
    USART_ITConfig                           0x08001f59   Thumb Code    74  stm32f10x_usart.o(i.USART_ITConfig)
    USART_Init                               0x08001fa5   Thumb Code   210  stm32f10x_usart.o(i.USART_Init)
    USART_RxFuncConfig                       0x0800207d   Thumb Code     6  usart.o(i.USART_RxFuncConfig)
    USART_RxToBuf                            0x08002089   Thumb Code   192  comhandle.o(i.USART_RxToBuf)
    USART_SendData                           0x08002159   Thumb Code     8  stm32f10x_usart.o(i.USART_SendData)
    USART_SendString                         0x08002161   Thumb Code    40  usart.o(i.USART_SendString)
    UsageFault_Handler                       0x08002189   Thumb Code     4  stm32f10x_it.o(i.UsageFault_Handler)
    _is_digit                                0x0800218d   Thumb Code    14  __printf_wp.o(i._is_digit)
    comHandleLoop                            0x0800219d   Thumb Code    26  comhandle.o(i.comHandleLoop)
    comHandleSetup                           0x080021bd   Thumb Code    10  comhandle.o(i.comHandleSetup)
    creatIRQFunc                             0x080021cd   Thumb Code    48  systick.o(i.creatIRQFunc)
    delay_ms                                 0x08002201   Thumb Code    24  systick.o(i.delay_ms)
    main                                     0x08002219   Thumb Code   122  main.o(i.main)
    runIRQFunc                               0x0800229d   Thumb Code    28  systick.o(i.runIRQFunc)
    sendBatteryVoltage                       0x080022bd   Thumb Code   288  comhandle.o(i.sendBatteryVoltage)
    sendBatteryVoltageMeasure                0x08002405   Thumb Code    14  comhandle.o(i.sendBatteryVoltageMeasure)
    sendUpMotorSpeed                         0x0800241d   Thumb Code   360  pidctrller.o(i.sendUpMotorSpeed)
    setMotoSpeed                             0x080025b9   Thumb Code   138  comhandle.o(i.setMotoSpeed)
    setMotorPWM                              0x08002645   Thumb Code   408  pidctrller.o(i.setMotorPWM)
    syntest                                  0x080027e1   Thumb Code    18  syn7318.o(i.syntest)
    updataSpeed                              0x08002811   Thumb Code   198  pidctrller.o(i.updataSpeed)
    __aeabi_d2f                              0x080028fd   Thumb Code     0  d2f.o(x$fpl$d2f)
    _d2f                                     0x080028fd   Thumb Code    98  d2f.o(x$fpl$d2f)
    __aeabi_dadd                             0x08002961   Thumb Code     0  daddsub_clz.o(x$fpl$dadd)
    _dadd                                    0x08002961   Thumb Code   332  daddsub_clz.o(x$fpl$dadd)
    __aeabi_ddiv                             0x08002ab1   Thumb Code     0  ddiv.o(x$fpl$ddiv)
    _ddiv                                    0x08002ab1   Thumb Code   552  ddiv.o(x$fpl$ddiv)
    __aeabi_i2d                              0x08002d61   Thumb Code     0  dflt_clz.o(x$fpl$dflt)
    _dflt                                    0x08002d61   Thumb Code    46  dflt_clz.o(x$fpl$dflt)
    __aeabi_dmul                             0x08002d91   Thumb Code     0  dmul.o(x$fpl$dmul)
    _dmul                                    0x08002d91   Thumb Code   332  dmul.o(x$fpl$dmul)
    __fpl_dnaninf                            0x08002ee5   Thumb Code   156  dnaninf.o(x$fpl$dnaninf)
    __fpl_dretinf                            0x08002f81   Thumb Code    12  dretinf.o(x$fpl$dretinf)
    __aeabi_dsub                             0x08002f8d   Thumb Code     0  daddsub_clz.o(x$fpl$dsub)
    _dsub                                    0x08002f8d   Thumb Code   464  daddsub_clz.o(x$fpl$dsub)
    __aeabi_f2d                              0x08003161   Thumb Code     0  f2d.o(x$fpl$f2d)
    _f2d                                     0x08003161   Thumb Code    86  f2d.o(x$fpl$f2d)
    __aeabi_fadd                             0x080031b9   Thumb Code     0  faddsub_clz.o(x$fpl$fadd)
    _fadd                                    0x080031b9   Thumb Code   196  faddsub_clz.o(x$fpl$fadd)
    __fpl_fcmp_Inf                           0x0800327d   Thumb Code    24  fcmpi.o(x$fpl$fcmpinf)
    __aeabi_fdiv                             0x08003295   Thumb Code     0  fdiv.o(x$fpl$fdiv)
    _fdiv                                    0x08003295   Thumb Code   384  fdiv.o(x$fpl$fdiv)
    __aeabi_cfcmpeq                          0x08003419   Thumb Code     0  feqf.o(x$fpl$feqf)
    _fcmpeq                                  0x08003419   Thumb Code   104  feqf.o(x$fpl$feqf)
    __aeabi_f2iz                             0x08003481   Thumb Code     0  ffix.o(x$fpl$ffix)
    _ffix                                    0x08003481   Thumb Code    54  ffix.o(x$fpl$ffix)
    __aeabi_f2uiz                            0x080034b9   Thumb Code     0  ffixu.o(x$fpl$ffixu)
    _ffixu                                   0x080034b9   Thumb Code    62  ffixu.o(x$fpl$ffixu)
    __aeabi_i2f                              0x080034f9   Thumb Code     0  fflt_clz.o(x$fpl$fflt)
    _fflt                                    0x080034f9   Thumb Code    48  fflt_clz.o(x$fpl$fflt)
    __aeabi_cfcmple                          0x08003529   Thumb Code     0  fleqf.o(x$fpl$fleqf)
    _fcmple                                  0x08003529   Thumb Code   104  fleqf.o(x$fpl$fleqf)
    __fpl_fcmple_InfNaN                      0x0800357b   Thumb Code     0  fleqf.o(x$fpl$fleqf)
    __aeabi_fmul                             0x08003591   Thumb Code     0  fmul.o(x$fpl$fmul)
    _fmul                                    0x08003591   Thumb Code   258  fmul.o(x$fpl$fmul)
    __fpl_fnaninf                            0x08003693   Thumb Code   140  fnaninf.o(x$fpl$fnaninf)
    __fpl_fretinf                            0x0800371f   Thumb Code    10  fretinf.o(x$fpl$fretinf)
    __aeabi_cfrcmple                         0x08003729   Thumb Code     0  frleqf.o(x$fpl$frleqf)
    _frcmple                                 0x08003729   Thumb Code    98  frleqf.o(x$fpl$frleqf)
    __aeabi_frsub                            0x0800378b   Thumb Code     0  faddsub_clz.o(x$fpl$frsb)
    _frsb                                    0x0800378b   Thumb Code    20  faddsub_clz.o(x$fpl$frsb)
    __aeabi_fsub                             0x080037a1   Thumb Code     0  faddsub_clz.o(x$fpl$fsub)
    _fsub                                    0x080037a1   Thumb Code   234  faddsub_clz.o(x$fpl$fsub)
    __I$use$fp                               0x0800388a   Number         0  usenofp.o(x$fpl$usenofp)
    PARAM_PID                                0x0800388c   Data          12  pidctrller.o(.constdata)
    Region$$Table$$Base                      0x080038ac   Number         0  anon$$obj.o(Region$$Table)
    Region$$Table$$Limit                     0x080038cc   Number         0  anon$$obj.o(Region$$Table)
    g_ledflashfreq                           0x20000000   Data           2  main.o(.data)
    g_SysTick                                0x2000000c   Data           4  systick.o(.data)
    g_IRQFuncList                            0x20000010   Data           8  systick.o(.data)
    g_usartRxFunc                            0x20000018   Data           4  usart.o(.data)
    g_TargetSpeed                            0x20000030   Data          16  pidctrller.o(.bss)
    g_MotorSpeed                             0x20000040   Data          16  pidctrller.o(.bss)
    g_ComData                                0x200000a0   Data         306  comhandle.o(.bss)
    __libspace_start                         0x200001d4   Data          96  libspace.o(.bss)
    __temporary_stack_top$libspace           0x20000234   Data           0  libspace.o(.bss)



==============================================================================

Memory Map of the image

  Image Entry point : 0x080001e5

  Load Region LR_1 (Base: 0x08000000, Size: 0x000038fc, Max: 0xffffffff, ABSOLUTE)

    Execution Region ER_RO (Exec base: 0x08000000, Load base: 0x08000000, Size: 0x000038cc, Max: 0xffffffff, ABSOLUTE)

    Exec Addr    Load Addr    Size         Type   Attr      Idx    E Section Name        Object

    0x08000000   0x08000000   0x00000130   Data   RO         3571    RESET               startup_stm32f10x_hd.o
    0x08000130   0x08000130   0x00000008   Code   RO         3679  * !!!main             c_w.l(__main.o)
    0x08000138   0x08000138   0x00000034   Code   RO         3958    !!!scatter          c_w.l(__scatter.o)
    0x0800016c   0x0800016c   0x0000001a   Code   RO         3960    !!handler_copy      c_w.l(__scatter_copy.o)
    0x08000186   0x08000186   0x00000002   PAD
    0x08000188   0x08000188   0x0000001c   Code   RO         3962    !!handler_zi        c_w.l(__scatter_zi.o)
    0x080001a4   0x080001a4   0x00000000   Code   RO         3674    .ARM.Collect$$_printf_percent$$00000000  c_w.l(_printf_percent.o)
    0x080001a4   0x080001a4   0x00000006   Code   RO         3673    .ARM.Collect$$_printf_percent$$00000009  c_w.l(_printf_d.o)
    0x080001aa   0x080001aa   0x00000006   Code   RO         3672    .ARM.Collect$$_printf_percent$$00000013  c_w.l(_printf_c.o)
    0x080001b0   0x080001b0   0x00000004   Code   RO         3771    .ARM.Collect$$_printf_percent$$00000017  c_w.l(_printf_percent_end.o)
    0x080001b4   0x080001b4   0x00000002   Code   RO         3897    .ARM.Collect$$libinit$$00000000  c_w.l(libinit.o)
    0x080001b6   0x080001b6   0x00000000   Code   RO         3777    .ARM.Collect$$libinit$$00000002  c_w.l(libinit2.o)
    0x080001b6   0x080001b6   0x00000000   Code   RO         3779    .ARM.Collect$$libinit$$00000004  c_w.l(libinit2.o)
    0x080001b6   0x080001b6   0x00000008   Code   RO         3780    .ARM.Collect$$libinit$$00000005  c_w.l(libinit2.o)
    0x080001be   0x080001be   0x00000000   Code   RO         3782    .ARM.Collect$$libinit$$0000000A  c_w.l(libinit2.o)
    0x080001be   0x080001be   0x00000000   Code   RO         3784    .ARM.Collect$$libinit$$0000000C  c_w.l(libinit2.o)
    0x080001be   0x080001be   0x00000000   Code   RO         3786    .ARM.Collect$$libinit$$0000000E  c_w.l(libinit2.o)
    0x080001be   0x080001be   0x00000000   Code   RO         3789    .ARM.Collect$$libinit$$00000011  c_w.l(libinit2.o)
    0x080001be   0x080001be   0x00000000   Code   RO         3791    .ARM.Collect$$libinit$$00000013  c_w.l(libinit2.o)
    0x080001be   0x080001be   0x00000000   Code   RO         3793    .ARM.Collect$$libinit$$00000015  c_w.l(libinit2.o)
    0x080001be   0x080001be   0x00000000   Code   RO         3795    .ARM.Collect$$libinit$$00000017  c_w.l(libinit2.o)
    0x080001be   0x080001be   0x00000000   Code   RO         3797    .ARM.Collect$$libinit$$00000019  c_w.l(libinit2.o)
    0x080001be   0x080001be   0x00000000   Code   RO         3799    .ARM.Collect$$libinit$$0000001B  c_w.l(libinit2.o)
    0x080001be   0x080001be   0x00000000   Code   RO         3801    .ARM.Collect$$libinit$$0000001D  c_w.l(libinit2.o)
    0x080001be   0x080001be   0x00000000   Code   RO         3803    .ARM.Collect$$libinit$$0000001F  c_w.l(libinit2.o)
    0x080001be   0x080001be   0x00000000   Code   RO         3805    .ARM.Collect$$libinit$$00000021  c_w.l(libinit2.o)
    0x080001be   0x080001be   0x00000000   Code   RO         3807    .ARM.Collect$$libinit$$00000023  c_w.l(libinit2.o)
    0x080001be   0x080001be   0x00000000   Code   RO         3809    .ARM.Collect$$libinit$$00000025  c_w.l(libinit2.o)
    0x080001be   0x080001be   0x00000000   Code   RO         3813    .ARM.Collect$$libinit$$0000002C  c_w.l(libinit2.o)
    0x080001be   0x080001be   0x00000000   Code   RO         3815    .ARM.Collect$$libinit$$0000002E  c_w.l(libinit2.o)
    0x080001be   0x080001be   0x00000000   Code   RO         3817    .ARM.Collect$$libinit$$00000030  c_w.l(libinit2.o)
    0x080001be   0x080001be   0x00000000   Code   RO         3819    .ARM.Collect$$libinit$$00000032  c_w.l(libinit2.o)
    0x080001be   0x080001be   0x00000002   Code   RO         3820    .ARM.Collect$$libinit$$00000033  c_w.l(libinit2.o)
    0x080001c0   0x080001c0   0x00000002   Code   RO         3955    .ARM.Collect$$libshutdown$$00000000  c_w.l(libshutdown.o)
    0x080001c2   0x080001c2   0x00000000   Code   RO         3911    .ARM.Collect$$libshutdown$$00000002  c_w.l(libshutdown2.o)
    0x080001c2   0x080001c2   0x00000000   Code   RO         3913    .ARM.Collect$$libshutdown$$00000004  c_w.l(libshutdown2.o)
    0x080001c2   0x080001c2   0x00000000   Code   RO         3916    .ARM.Collect$$libshutdown$$00000007  c_w.l(libshutdown2.o)
    0x080001c2   0x080001c2   0x00000000   Code   RO         3919    .ARM.Collect$$libshutdown$$0000000A  c_w.l(libshutdown2.o)
    0x080001c2   0x080001c2   0x00000000   Code   RO         3921    .ARM.Collect$$libshutdown$$0000000C  c_w.l(libshutdown2.o)
    0x080001c2   0x080001c2   0x00000000   Code   RO         3924    .ARM.Collect$$libshutdown$$0000000F  c_w.l(libshutdown2.o)
    0x080001c2   0x080001c2   0x00000002   Code   RO         3925    .ARM.Collect$$libshutdown$$00000010  c_w.l(libshutdown2.o)
    0x080001c4   0x080001c4   0x00000000   Code   RO         3737    .ARM.Collect$$rtentry$$00000000  c_w.l(__rtentry.o)
    0x080001c4   0x080001c4   0x00000000   Code   RO         3838    .ARM.Collect$$rtentry$$00000002  c_w.l(__rtentry2.o)
    0x080001c4   0x080001c4   0x00000006   Code   RO         3850    .ARM.Collect$$rtentry$$00000004  c_w.l(__rtentry4.o)
    0x080001ca   0x080001ca   0x00000000   Code   RO         3840    .ARM.Collect$$rtentry$$00000009  c_w.l(__rtentry2.o)
    0x080001ca   0x080001ca   0x00000004   Code   RO         3841    .ARM.Collect$$rtentry$$0000000A  c_w.l(__rtentry2.o)
    0x080001ce   0x080001ce   0x00000000   Code   RO         3843    .ARM.Collect$$rtentry$$0000000C  c_w.l(__rtentry2.o)
    0x080001ce   0x080001ce   0x00000008   Code   RO         3844    .ARM.Collect$$rtentry$$0000000D  c_w.l(__rtentry2.o)
    0x080001d6   0x080001d6   0x00000002   Code   RO         3900    .ARM.Collect$$rtexit$$00000000  c_w.l(rtexit.o)
    0x080001d8   0x080001d8   0x00000000   Code   RO         3929    .ARM.Collect$$rtexit$$00000002  c_w.l(rtexit2.o)
    0x080001d8   0x080001d8   0x00000004   Code   RO         3930    .ARM.Collect$$rtexit$$00000003  c_w.l(rtexit2.o)
    0x080001dc   0x080001dc   0x00000006   Code   RO         3931    .ARM.Collect$$rtexit$$00000004  c_w.l(rtexit2.o)
    0x080001e2   0x080001e2   0x00000002   PAD
    0x080001e4   0x080001e4   0x00000000   Code   RO         3854    .emb_text           c_w.l(maybetermalloc1.o)
    0x080001e4   0x080001e4   0x00000040   Code   RO         3572  * .text               startup_stm32f10x_hd.o
    0x08000224   0x08000224   0x0000005e   Code   RO         3582    .text               c_w.l(h1_alloc.o)
    0x08000282   0x08000282   0x0000004e   Code   RO         3584    .text               c_w.l(h1_free.o)
    0x080002d0   0x080002d0   0x00000028   Code   RO         3642    .text               c_w.l(noretval__2sprintf.o)
    0x080002f8   0x080002f8   0x0000004e   Code   RO         3646    .text               c_w.l(_printf_pad.o)
    0x08000346   0x08000346   0x00000052   Code   RO         3648    .text               c_w.l(_printf_str.o)
    0x08000398   0x08000398   0x00000078   Code   RO         3650    .text               c_w.l(_printf_dec.o)
    0x08000410   0x08000410   0x00000138   Code   RO         3664    .text               c_w.l(__printf_flags_wp.o)
    0x08000548   0x08000548   0x0000003e   Code   RO         3675    .text               c_w.l(strlen.o)
    0x08000586   0x08000586   0x00000006   Code   RO         3677    .text               c_w.l(heapauxi.o)
    0x0800058c   0x0800058c   0x00000008   Code   RO         3741    .text               c_w.l(rt_heap_descriptor_intlibspace.o)
    0x08000594   0x08000594   0x00000004   Code   RO         3743    .text               c_w.l(hguard.o)
    0x08000598   0x08000598   0x0000008a   Code   RO         3745    .text               c_w.l(init_alloc.o)
    0x08000622   0x08000622   0x0000000e   Code   RO         3749    .text               c_w.l(h1_init.o)
    0x08000630   0x08000630   0x000000b2   Code   RO         3763    .text               c_w.l(_printf_intcommon.o)
    0x080006e2   0x080006e2   0x00000002   PAD
    0x080006e4   0x080006e4   0x00000030   Code   RO         3765    .text               c_w.l(_printf_char_common.o)
    0x08000714   0x08000714   0x0000000a   Code   RO         3767    .text               c_w.l(_sputc.o)
    0x0800071e   0x0800071e   0x0000002c   Code   RO         3769    .text               c_w.l(_printf_char.o)
    0x0800074a   0x0800074a   0x00000002   PAD
    0x0800074c   0x0800074c   0x00000008   Code   RO         3834    .text               c_w.l(libspace.o)
    0x08000754   0x08000754   0x00000034   Code   RO         3856    .text               c_w.l(h1_extend.o)
    0x08000788   0x08000788   0x0000000e   Code   RO         3862    .text               c_w.l(defsig_rtmem_outer.o)
    0x08000796   0x08000796   0x00000002   Code   RO         3873    .text               c_w.l(use_no_semi.o)
    0x08000798   0x08000798   0x00000000   Code   RO         3875    .text               c_w.l(indicate_semi.o)
    0x08000798   0x08000798   0x0000004a   Code   RO         3876    .text               c_w.l(sys_stackheap_outer.o)
    0x080007e2   0x080007e2   0x00000012   Code   RO         3882    .text               c_w.l(exit.o)
    0x080007f4   0x080007f4   0x0000000a   Code   RO         3884    .text               c_w.l(defsig_exit.o)
    0x080007fe   0x080007fe   0x00000002   PAD
    0x08000800   0x08000800   0x00000050   Code   RO         3886    .text               c_w.l(defsig_rtmem_inner.o)
    0x08000850   0x08000850   0x0000000c   Code   RO         3898    .text               c_w.l(sys_exit.o)
    0x0800085c   0x0800085c   0x00000032   Code   RO         3908    .text               c_w.l(defsig_general.o)
    0x0800088e   0x0800088e   0x0000000e   Code   RO         3926    .text               c_w.l(sys_wrch.o)
    0x0800089c   0x0800089c   0x00000004   Code   RO            1    i.BusFault_Handler  stm32f10x_it.o
    0x080008a0   0x080008a0   0x00000024   Code   RO          293    i.Ctrller_RxBufAnalysis  comhandle.o
    0x080008c4   0x080008c4   0x00000002   Code   RO            2    i.DebugMon_Handler  stm32f10x_it.o
    0x080008c6   0x080008c6   0x00000116   Code   RO         1742    i.GPIO_Init         stm32f10x_gpio.o
    0x080009dc   0x080009dc   0x00000090   Code   RO         1744    i.GPIO_PinRemapConfig  stm32f10x_gpio.o
    0x08000a6c   0x08000a6c   0x00000004   Code   RO         1750    i.GPIO_SetBits      stm32f10x_gpio.o
    0x08000a70   0x08000a70   0x00000004   Code   RO            3    i.HardFault_Handler  stm32f10x_it.o
    0x08000a74   0x08000a74   0x0000004c   Code   RO          356    i.LED_Flash         led.o
    0x08000ac0   0x08000ac0   0x0000004c   Code   RO          357    i.LED_Init          led.o
    0x08000b0c   0x08000b0c   0x00000004   Code   RO            4    i.MemManage_Handler  stm32f10x_it.o
    0x08000b10   0x08000b10   0x000001cc   Code   RO          242    i.MotorSpeedPidCtrl  pidctrller.o
    0x08000cdc   0x08000cdc   0x00000002   Code   RO            5    i.NMI_Handler       stm32f10x_it.o
    0x08000cde   0x08000cde   0x00000002   PAD
    0x08000ce0   0x08000ce0   0x00000070   Code   RO          591    i.NVIC_Init         misc.o
    0x08000d50   0x08000d50   0x00000014   Code   RO          592    i.NVIC_PriorityGroupConfig  misc.o
    0x08000d64   0x08000d64   0x00000028   Code   RO          465    i.NVIC_SetPriority  systick.o
    0x08000d8c   0x08000d8c   0x0000002c   Code   RO          243    i.PID_Divider       pidctrller.o
    0x08000db8   0x08000db8   0x00000002   Code   RO            6    i.PendSV_Handler    stm32f10x_it.o
    0x08000dba   0x08000dba   0x00000002   PAD
    0x08000dbc   0x08000dbc   0x00000020   Code   RO         2158    i.RCC_APB1PeriphClockCmd  stm32f10x_rcc.o
    0x08000ddc   0x08000ddc   0x00000020   Code   RO         2159    i.RCC_APB1PeriphResetCmd  stm32f10x_rcc.o
    0x08000dfc   0x08000dfc   0x00000020   Code   RO         2160    i.RCC_APB2PeriphClockCmd  stm32f10x_rcc.o
    0x08000e1c   0x08000e1c   0x00000020   Code   RO         2161    i.RCC_APB2PeriphResetCmd  stm32f10x_rcc.o
    0x08000e3c   0x08000e3c   0x000000d4   Code   RO         2168    i.RCC_GetClocksFreq  stm32f10x_rcc.o
    0x08000f10   0x08000f10   0x0000003e   Code   RO          294    i.ROS_RxBufAnalysis  comhandle.o
    0x08000f4e   0x08000f4e   0x00000002   PAD
    0x08000f50   0x08000f50   0x00000180   Code   RO          295    i.ROS_SpeedDataSubscribe  comhandle.o
    0x080010d0   0x080010d0   0x00000002   Code   RO            7    i.SVC_Handler       stm32f10x_it.o
    0x080010d2   0x080010d2   0x0000000c   Code   RO          378    i.SYN7318_Put_Char  syn7318.o
    0x080010de   0x080010de   0x0000001a   Code   RO          379    i.SYN7318_Put_String  syn7318.o
    0x080010f8   0x080010f8   0x00000008   Code   RO          146    i.SetSysClock       system_stm32f10x.o
    0x08001100   0x08001100   0x000000e0   Code   RO          147    i.SetSysClockTo72   system_stm32f10x.o
    0x080011e0   0x080011e0   0x0000003c   Code   RO          244    i.SetTargetSpeed    pidctrller.o
    0x0800121c   0x0800121c   0x00000050   Code   RO          381    i.SoundFilePlayer   syn7318.o
    0x0800126c   0x0800126c   0x00000002   Code   RO          382    i.SoundLoop         syn7318.o
    0x0800126e   0x0800126e   0x00000002   PAD
    0x08001270   0x08001270   0x00000018   Code   RO          466    i.SysTick_Handler   systick.o
    0x08001288   0x08001288   0x0000000c   Code   RO          467    i.Sys_GetTick       systick.o
    0x08001294   0x08001294   0x00000060   Code   RO          149    i.SystemInit        system_stm32f10x.o
    0x080012f4   0x080012f4   0x00000048   Code   RO          468    i.Systick_init      systick.o
    0x0800133c   0x0800133c   0x00000080   Code   RO         2776    i.TI1_Config        stm32f10x_tim.o
    0x080013bc   0x080013bc   0x00000098   Code   RO         2777    i.TI2_Config        stm32f10x_tim.o
    0x08001454   0x08001454   0x00000090   Code   RO         2778    i.TI3_Config        stm32f10x_tim.o
    0x080014e4   0x080014e4   0x00000098   Code   RO         2779    i.TI4_Config        stm32f10x_tim.o
    0x0800157c   0x0800157c   0x000000a0   Code   RO          435    i.TIM1_EncoderMode  encoder.o
    0x0800161c   0x0800161c   0x00000098   Code   RO          436    i.TIM2_EncoderMode  encoder.o
    0x080016b4   0x080016b4   0x00000094   Code   RO          437    i.TIM3_EncoderMode  encoder.o
    0x08001748   0x08001748   0x00000094   Code   RO          438    i.TIM4_EncoderMode  encoder.o
    0x080017dc   0x080017dc   0x00000018   Code   RO         2792    i.TIM_Cmd           stm32f10x_tim.o
    0x080017f4   0x080017f4   0x000001e8   Code   RO         2797    i.TIM_DeInit        stm32f10x_tim.o
    0x080019dc   0x080019dc   0x00000042   Code   RO         2801    i.TIM_EncoderInterfaceConfig  stm32f10x_tim.o
    0x08001a1e   0x08001a1e   0x00000002   PAD
    0x08001a20   0x08001a20   0x000000ac   Code   RO         2815    i.TIM_ICInit        stm32f10x_tim.o
    0x08001acc   0x08001acc   0x00000012   Code   RO         2816    i.TIM_ICStructInit  stm32f10x_tim.o
    0x08001ade   0x08001ade   0x00000004   Code   RO         2857    i.TIM_SetCounter    stm32f10x_tim.o
    0x08001ae2   0x08001ae2   0x00000012   Code   RO         2858    i.TIM_SetIC1Prescaler  stm32f10x_tim.o
    0x08001af4   0x08001af4   0x0000001a   Code   RO         2859    i.TIM_SetIC2Prescaler  stm32f10x_tim.o
    0x08001b0e   0x08001b0e   0x00000012   Code   RO         2860    i.TIM_SetIC3Prescaler  stm32f10x_tim.o
    0x08001b20   0x08001b20   0x0000001a   Code   RO         2861    i.TIM_SetIC4Prescaler  stm32f10x_tim.o
    0x08001b3a   0x08001b3a   0x00000002   PAD
    0x08001b3c   0x08001b3c   0x000000a4   Code   RO         2863    i.TIM_TimeBaseInit  stm32f10x_tim.o
    0x08001be0   0x08001be0   0x00000012   Code   RO         2864    i.TIM_TimeBaseStructInit  stm32f10x_tim.o
    0x08001bf2   0x08001bf2   0x00000002   PAD
    0x08001bf4   0x08001bf4   0x00000020   Code   RO          383    i.U4SendChar        syn7318.o
    0x08001c14   0x08001c14   0x00000002   Code   RO          384    i.UART4_IRQHandler  syn7318.o
    0x08001c16   0x08001c16   0x00000002   PAD
    0x08001c18   0x08001c18   0x00000028   Code   RO          528    i.USART1_IRQHandler  usart.o
    0x08001c40   0x08001c40   0x000000a0   Code   RO          529    i.USART1_Initialise  usart.o
    0x08001ce0   0x08001ce0   0x00000028   Code   RO          530    i.USART2_IRQHandler  usart.o
    0x08001d08   0x08001d08   0x000000a8   Code   RO          531    i.USART2_Initialise  usart.o
    0x08001db0   0x08001db0   0x00000028   Code   RO          532    i.USART3_IRQHandler  usart.o
    0x08001dd8   0x08001dd8   0x000000a8   Code   RO          533    i.USART3_Initialise  usart.o
    0x08001e80   0x08001e80   0x00000094   Code   RO          534    i.USART4_Initialise  usart.o
    0x08001f14   0x08001f14   0x00000012   Code   RO         3324    i.USART_ClearFlag   stm32f10x_usart.o
    0x08001f26   0x08001f26   0x00000018   Code   RO         3328    i.USART_Cmd         stm32f10x_usart.o
    0x08001f3e   0x08001f3e   0x0000001a   Code   RO         3331    i.USART_GetFlagStatus  stm32f10x_usart.o
    0x08001f58   0x08001f58   0x0000004a   Code   RO         3334    i.USART_ITConfig    stm32f10x_usart.o
    0x08001fa2   0x08001fa2   0x00000002   PAD
    0x08001fa4   0x08001fa4   0x000000d8   Code   RO         3335    i.USART_Init        stm32f10x_usart.o
    0x0800207c   0x0800207c   0x0000000c   Code   RO          535    i.USART_RxFuncConfig  usart.o
    0x08002088   0x08002088   0x000000d0   Code   RO          296    i.USART_RxToBuf     comhandle.o
    0x08002158   0x08002158   0x00000008   Code   RO         3345    i.USART_SendData    stm32f10x_usart.o
    0x08002160   0x08002160   0x00000028   Code   RO          536    i.USART_SendString  usart.o
    0x08002188   0x08002188   0x00000004   Code   RO            8    i.UsageFault_Handler  stm32f10x_it.o
    0x0800218c   0x0800218c   0x0000000e   Code   RO         3662    i._is_digit         c_w.l(__printf_wp.o)
    0x0800219a   0x0800219a   0x00000002   PAD
    0x0800219c   0x0800219c   0x00000020   Code   RO          297    i.comHandleLoop     comhandle.o
    0x080021bc   0x080021bc   0x00000010   Code   RO          298    i.comHandleSetup    comhandle.o
    0x080021cc   0x080021cc   0x00000034   Code   RO          469    i.creatIRQFunc      systick.o
    0x08002200   0x08002200   0x00000018   Code   RO          470    i.delay_ms          systick.o
    0x08002218   0x08002218   0x00000084   Code   RO          180    i.main              main.o
    0x0800229c   0x0800229c   0x00000020   Code   RO          472    i.runIRQFunc        systick.o
    0x080022bc   0x080022bc   0x00000148   Code   RO          299    i.sendBatteryVoltage  comhandle.o
    0x08002404   0x08002404   0x00000018   Code   RO          300    i.sendBatteryVoltageMeasure  comhandle.o
    0x0800241c   0x0800241c   0x0000019c   Code   RO          245    i.sendUpMotorSpeed  pidctrller.o
    0x080025b8   0x080025b8   0x0000008a   Code   RO          301    i.setMotoSpeed      comhandle.o
    0x08002642   0x08002642   0x00000002   PAD
    0x08002644   0x08002644   0x0000019c   Code   RO          246    i.setMotorPWM       pidctrller.o
    0x080027e0   0x080027e0   0x00000030   Code   RO          385    i.syntest           syn7318.o
    0x08002810   0x08002810   0x000000ec   Code   RO          247    i.updataSpeed       pidctrller.o
    0x080028fc   0x080028fc   0x00000062   Code   RO         3681    x$fpl$d2f           fz_ws.l(d2f.o)
    0x0800295e   0x0800295e   0x00000002   PAD
    0x08002960   0x08002960   0x00000150   Code   RO         3683    x$fpl$dadd          fz_ws.l(daddsub_clz.o)
    0x08002ab0   0x08002ab0   0x000002b0   Code   RO         3690    x$fpl$ddiv          fz_ws.l(ddiv.o)
    0x08002d60   0x08002d60   0x0000002e   Code   RO         3694    x$fpl$dflt          fz_ws.l(dflt_clz.o)
    0x08002d8e   0x08002d8e   0x00000002   PAD
    0x08002d90   0x08002d90   0x00000154   Code   RO         3699    x$fpl$dmul          fz_ws.l(dmul.o)
    0x08002ee4   0x08002ee4   0x0000009c   Code   RO         3821    x$fpl$dnaninf       fz_ws.l(dnaninf.o)
    0x08002f80   0x08002f80   0x0000000c   Code   RO         3823    x$fpl$dretinf       fz_ws.l(dretinf.o)
    0x08002f8c   0x08002f8c   0x000001d4   Code   RO         3685    x$fpl$dsub          fz_ws.l(daddsub_clz.o)
    0x08003160   0x08003160   0x00000056   Code   RO         3701    x$fpl$f2d           fz_ws.l(f2d.o)
    0x080031b6   0x080031b6   0x00000002   PAD
    0x080031b8   0x080031b8   0x000000c4   Code   RO         3703    x$fpl$fadd          fz_ws.l(faddsub_clz.o)
    0x0800327c   0x0800327c   0x00000018   Code   RO         3825    x$fpl$fcmpinf       fz_ws.l(fcmpi.o)
    0x08003294   0x08003294   0x00000184   Code   RO         3710    x$fpl$fdiv          fz_ws.l(fdiv.o)
    0x08003418   0x08003418   0x00000068   Code   RO         3713    x$fpl$feqf          fz_ws.l(feqf.o)
    0x08003480   0x08003480   0x00000036   Code   RO         3715    x$fpl$ffix          fz_ws.l(ffix.o)
    0x080034b6   0x080034b6   0x00000002   PAD
    0x080034b8   0x080034b8   0x0000003e   Code   RO         3719    x$fpl$ffixu         fz_ws.l(ffixu.o)
    0x080034f6   0x080034f6   0x00000002   PAD
    0x080034f8   0x080034f8   0x00000030   Code   RO         3724    x$fpl$fflt          fz_ws.l(fflt_clz.o)
    0x08003528   0x08003528   0x00000068   Code   RO         3729    x$fpl$fleqf         fz_ws.l(fleqf.o)
    0x08003590   0x08003590   0x00000102   Code   RO         3731    x$fpl$fmul          fz_ws.l(fmul.o)
    0x08003692   0x08003692   0x0000008c   Code   RO         3827    x$fpl$fnaninf       fz_ws.l(fnaninf.o)
    0x0800371e   0x0800371e   0x0000000a   Code   RO         3829    x$fpl$fretinf       fz_ws.l(fretinf.o)
    0x08003728   0x08003728   0x00000062   Code   RO         3733    x$fpl$frleqf        fz_ws.l(frleqf.o)
    0x0800378a   0x0800378a   0x00000014   Code   RO         3704    x$fpl$frsb          fz_ws.l(faddsub_clz.o)
    0x0800379e   0x0800379e   0x00000002   PAD
    0x080037a0   0x080037a0   0x000000ea   Code   RO         3705    x$fpl$fsub          fz_ws.l(faddsub_clz.o)
    0x0800388a   0x0800388a   0x00000000   Code   RO         3831    x$fpl$usenofp       fz_ws.l(usenofp.o)
    0x0800388a   0x0800388a   0x00000002   PAD
    0x0800388c   0x0800388c   0x0000000c   Data   RO          249    .constdata          pidctrller.o
    0x08003898   0x08003898   0x00000011   Data   RO         3665    .constdata          c_w.l(__printf_flags_wp.o)
    0x080038a9   0x080038a9   0x00000003   PAD
    0x080038ac   0x080038ac   0x00000020   Data   RO         3956    Region$$Table       anon$$obj.o


    Execution Region ER_RW (Exec base: 0x20000000, Load base: 0x080038cc, Size: 0x00000030, Max: 0xffffffff, ABSOLUTE)

    Exec Addr    Load Addr    Size         Type   Attr      Idx    E Section Name        Object

    0x20000000   0x080038cc   0x00000002   Data   RW          181    .data               main.o
    0x20000002   0x080038ce   0x00000002   PAD
    0x20000004   0x080038d0   0x00000004   Data   RW          250    .data               pidctrller.o
    0x20000008   0x080038d4   0x00000004   Data   RW          358    .data               led.o
    0x2000000c   0x080038d8   0x0000000c   Data   RW          473    .data               systick.o
    0x20000018   0x080038e4   0x00000004   Data   RW          537    .data               usart.o
    0x2000001c   0x080038e8   0x00000014   Data   RW         2188    .data               stm32f10x_rcc.o


    Execution Region ER_ZI (Exec base: 0x20000030, Load base: 0x080038fc, Size: 0x00000808, Max: 0xffffffff, ABSOLUTE)

    Exec Addr    Load Addr    Size         Type   Attr      Idx    E Section Name        Object

    0x20000030        -       0x00000070   Zero   RW          248    .bss                pidctrller.o
    0x200000a0        -       0x00000132   Zero   RW          302    .bss                comhandle.o
    0x200001d2   0x080038fc   0x00000002   PAD
    0x200001d4        -       0x00000060   Zero   RW         3835    .bss                c_w.l(libspace.o)
    0x20000234   0x080038fc   0x00000004   PAD
    0x20000238        -       0x00000200   Zero   RW         3570    HEAP                startup_stm32f10x_hd.o
    0x20000438        -       0x00000400   Zero   RW         3569    STACK               startup_stm32f10x_hd.o


==============================================================================

Image component sizes


      Code (inc. data)   RO Data    RW Data    ZI Data      Debug   Object Name

      1228        120          0          0        306       5818   comhandle.o
         0          0          0          0          0         32   core_cm3.o
       608         38          0          0          0       2976   encoder.o
       152         18          0          4          0       1015   led.o
       132         10          0          2          0     206696   main.o
       132         22          0          0          0       1443   misc.o
      1624        130         12          4        112       5013   pidctrller.o
        64         26        304          0       1536        784   startup_stm32f10x_hd.o
       426          6          0          0          0       3217   stm32f10x_gpio.o
        24          0          0          0          0      51148   stm32f10x_it.o
       340         44          0         20          0       5396   stm32f10x_rcc.o
      1618        214          0          0          0      10457   stm32f10x_tim.o
       366          6          0          0          0       5219   stm32f10x_usart.o
       202         34          0          0          0       4084   syn7318.o
       328         28          0          0          0       1761   system_stm32f10x.o
       256         34          0         12          0      19287   systick.o
       816         70          0          4          0       5868   usart.o

    ----------------------------------------------------------------------
      8336        800        348         48       1956     330214   Object Totals
         0          0         32          0          0          0   (incl. Generated)
        20          0          0          2          2          0   (incl. Padding)

    ----------------------------------------------------------------------

      Code (inc. data)   RO Data    RW Data    ZI Data      Debug   Library Member Name

         8          0          0          0          0         68   __main.o
       312          4         17          0          0         92   __printf_flags_wp.o
        14          0          0          0          0         68   __printf_wp.o
         0          0          0          0          0          0   __rtentry.o
        12          0          0          0          0          0   __rtentry2.o
         6          0          0          0          0          0   __rtentry4.o
        52          8          0          0          0          0   __scatter.o
        26          0          0          0          0          0   __scatter_copy.o
        28          0          0          0          0          0   __scatter_zi.o
         6          0          0          0          0          0   _printf_c.o
        44          0          0          0          0        108   _printf_char.o
        48          6          0          0          0         96   _printf_char_common.o
         6          0          0          0          0          0   _printf_d.o
       120         16          0          0          0         92   _printf_dec.o
       178          0          0          0          0         88   _printf_intcommon.o
        78          0          0          0          0        108   _printf_pad.o
         0          0          0          0          0          0   _printf_percent.o
         4          0          0          0          0          0   _printf_percent_end.o
        82          0          0          0          0         80   _printf_str.o
        10          0          0          0          0         68   _sputc.o
        10          0          0          0          0         68   defsig_exit.o
        50          0          0          0          0         88   defsig_general.o
        80         58          0          0          0         76   defsig_rtmem_inner.o
        14          0          0          0          0         80   defsig_rtmem_outer.o
        18          0          0          0          0         80   exit.o
        94          0          0          0          0         80   h1_alloc.o
        52          0          0          0          0         68   h1_extend.o
        78          0          0          0          0         80   h1_free.o
        14          0          0          0          0         84   h1_init.o
         6          0          0          0          0        152   heapauxi.o
         4          0          0          0          0        136   hguard.o
         0          0          0          0          0          0   indicate_semi.o
       138          0          0          0          0        168   init_alloc.o
         2          0          0          0          0          0   libinit.o
        10          0          0          0          0          0   libinit2.o
         2          0          0          0          0          0   libshutdown.o
         2          0          0          0          0          0   libshutdown2.o
         8          4          0          0         96         68   libspace.o
         0          0          0          0          0          0   maybetermalloc1.o
        40          6          0          0          0         84   noretval__2sprintf.o
         8          4          0          0          0         68   rt_heap_descriptor_intlibspace.o
         2          0          0          0          0          0   rtexit.o
        10          0          0          0          0          0   rtexit2.o
        62          0          0          0          0         76   strlen.o
        12          4          0          0          0         68   sys_exit.o
        74          0          0          0          0         80   sys_stackheap_outer.o
        14          0          0          0          0         76   sys_wrch.o
         2          0          0          0          0         68   use_no_semi.o
        98          4          0          0          0         92   d2f.o
       804         16          0          0          0        272   daddsub_clz.o
       688        140          0          0          0        208   ddiv.o
        46          0          0          0          0         68   dflt_clz.o
       340         12          0          0          0        104   dmul.o
       156          4          0          0          0         92   dnaninf.o
        12          0          0          0          0         68   dretinf.o
        86          4          0          0          0         84   f2d.o
       450          8          0          0          0        236   faddsub_clz.o
        24          0          0          0          0         68   fcmpi.o
       388         76          0          0          0         96   fdiv.o
       104          4          0          0          0         84   feqf.o
        54          4          0          0          0         84   ffix.o
        62          4          0          0          0         84   ffixu.o
        48          0          0          0          0         68   fflt_clz.o
       104          4          0          0          0         84   fleqf.o
       258          4          0          0          0         84   fmul.o
       140          4          0          0          0         84   fnaninf.o
        10          0          0          0          0         68   fretinf.o
        98          0          0          0          0         68   frleqf.o
         0          0          0          0          0          0   usenofp.o

    ----------------------------------------------------------------------
      5836        398         20          0        100       4712   Library Totals
        26          0          3          0          4          0   (incl. Padding)

    ----------------------------------------------------------------------

      Code (inc. data)   RO Data    RW Data    ZI Data      Debug   Library Name

      1840        110         17          0         96       2616   c_w.l
      3970        288          0          0          0       2096   fz_ws.l

    ----------------------------------------------------------------------
      5836        398         20          0        100       4712   Library Totals

    ----------------------------------------------------------------------

==============================================================================


      Code (inc. data)   RO Data    RW Data    ZI Data      Debug   

     14172       1198        368         48       2056     328006   Grand Totals
     14172       1198        368         48       2056     328006   ELF Image Totals
     14172       1198        368         48          0          0   ROM Totals

==============================================================================

    Total RO  Size (Code + RO Data)                14540 (  14.20kB)
    Total RW  Size (RW Data + ZI Data)              2104 (   2.05kB)
    Total ROM Size (Code + RO Data + RW Data)      14588 (  14.25kB)

==============================================================================

