<html>
<body>
<pre>
<h1>礦ision Build Log</h1>
<h2>Tool Versions:</h2>
IDE-Version: μVision V5.29.0.0
Copyright (C) 2019 ARM Ltd and ARM Germany GmbH. All rights reserved.
License Information: zhang dong, Z-tech, LIC=GMZI6-DPYF9-SB7EJ-U56RB-CQL6K-980B0
 
Tool Versions:
Toolchain:       MDK-ARM Plus  Version: 5.29.0.0
Toolchain Path:  D:\Keil_v5_ARM\ARM\ARMCC\Bin
C Compiler:      Armcc.exe V5.06 update 6 (build 750)
Assembler:       Armasm.exe V5.06 update 6 (build 750)
Linker/Locator:  ArmLink.exe V5.06 update 6 (build 750)
Library Manager: ArmAr.exe V5.06 update 6 (build 750)
Hex Converter:   FromElf.exe V5.06 update 6 (build 750)
CPU DLL:         SARMCM3.DLL V5.29.0.0
Dialog DLL:      DCM.DLL V1.17.3.0
Target DLL:      CMSIS_AGDI.dll V1.32.0.0
Dialog DLL:      TCM.DLL V1.36.5.0
 
<h2>Project:</h2>
E:\3C_项目工程\2019-ROS屑小车\主控制器\User\led.uvprojx
Project File Date:  03/25/2020

<h2>Output:</h2>
*** Using Compiler 'V5.06 update 6 (build 750)', folder: 'D:\Keil_v5_ARM\ARM\ARMCC\Bin'
Rebuild target 'Target 1'
compiling system_stm32f10x.c...
compiling encoder.c...
compiling stm32f10x_it.c...
compiling LED.c...
compiling main.c...
..\Application\src\main.c(65): warning:  #111-D: statement is unreachable
  	return 0;
..\Application\src\main.c: 1 warning, 0 errors
compiling misc.c...
compiling syn7318.c...
..\Hardware\SYN7318\syn7318.c(29): warning:  #940-D: missing return statement at end of non-void function "U4SendChar" 
  }
..\Hardware\SYN7318\syn7318.c(64): warning:  #177-D: variable "max_tim"  was declared but never referenced
  	uint32_t max_tim = 0;
..\Hardware\SYN7318\syn7318.c: 2 warnings, 0 errors
compiling usart.c...
compiling systick.c...
..\System\Systick\systick.c(153): warning:  #1-D: last line of file ends without a newline
  	
..\System\Systick\systick.c: 1 warning, 0 errors
compiling pidctrller.c...
compiling comHandle.c...
compiling stm32f10x_adc.c...
compiling stm32f10x_bkp.c...
compiling stm32f10x_can.c...
compiling stm32f10x_cec.c...
compiling stm32f10x_crc.c...
compiling stm32f10x_dbgmcu.c...
compiling stm32f10x_dma.c...
compiling stm32f10x_exti.c...
compiling stm32f10x_dac.c...
compiling stm32f10x_fsmc.c...
compiling stm32f10x_flash.c...
compiling stm32f10x_i2c.c...
compiling stm32f10x_gpio.c...
compiling stm32f10x_iwdg.c...
compiling stm32f10x_pwr.c...
assembling startup_stm32f10x_hd.s...
compiling stm32f10x_rcc.c...
compiling stm32f10x_rtc.c...
compiling stm32f10x_spi.c...
compiling stm32f10x_sdio.c...
compiling stm32f10x_usart.c...
compiling stm32f10x_wwdg.c...
compiling core_cm3.c...
compiling stm32f10x_tim.c...
linking...
Program Size: Code=14172 RO-data=368 RW-data=48 ZI-data=2056  
FromELF: creating hex file...
"..\OBJ\led.axf" - 0 Error(s), 4 Warning(s).

<h2>Software Packages used:</h2>

Package Vendor: Keil
                http://www.keil.com/pack/Keil.STM32F1xx_DFP.2.2.0.pack
                Keil.STM32F1xx_DFP.2.2.0
                STMicroelectronics STM32F1 Series Device Support, Drivers and Examples

<h2>Collection of Component include folders:</h2>
  .\RTE\_Target_1
  D:\Keil_v5_ARM\ARM\PACK\Keil\STM32F1xx_DFP\2.2.0\Device\Include

<h2>Collection of Component Files used:</h2>
Build Time Elapsed:  00:00:06
</pre>
</body>
</html>
